Archive member included to satisfy reference by file (symbol)

.pio\build\uno_r4_wifi\lib627\libMHZ19.a(MHZ19PWM.cpp.o)
                              .pio\build\uno_r4_wifi\src\testC02.cpp.o (MHZ19PWM::~MHZ19PWM())
.pio\build\uno_r4_wifi\libFrameworkArduinoVariant.a(main.c.o)
                              c:/users/ivan ivanov/.platformio/packages/toolchain-gccarmnoneeabi/bin/../lib/gcc/arm-none-eabi/7.2.1/../../../../arm-none-eabi/lib/thumb/v7e-m/fpv4-sp/hard/crt0.o (main)
.pio\build\uno_r4_wifi\libFrameworkArduino.a(Interrupts.cpp.o)
                              .pio\build\uno_r4_wifi\lib627\libMHZ19.a(MHZ19PWM.cpp.o) (digitalPinToInterrupt(unsigned char))
.pio\build\uno_r4_wifi\libFrameworkArduino.a(Serial.cpp.o)
                              .pio\build\uno_r4_wifi\src\testC02.cpp.o (UART::begin(unsigned long))
.pio\build\uno_r4_wifi\libFrameworkArduino.a(SerialObj1.cpp.o)
                              .pio\build\uno_r4_wifi\src\testC02.cpp.o (_UART1_)
.pio\build\uno_r4_wifi\libFrameworkArduino.a(Print.cpp.o)
                              .pio\build\uno_r4_wifi\libFrameworkArduino.a(Serial.cpp.o) (arduino::Print::write(unsigned char const*, unsigned int))
.pio\build\uno_r4_wifi\libFrameworkArduino.a(digital.cpp.o)
                              .pio\build\uno_r4_wifi\lib627\libMHZ19.a(MHZ19PWM.cpp.o) (pinMode)
.pio\build\uno_r4_wifi\libFrameworkArduino.a(main.cpp.o)
                              .pio\build\uno_r4_wifi\libFrameworkArduinoVariant.a(main.c.o) (hal_entry)
.pio\build\uno_r4_wifi\libFrameworkArduino.a(time.cpp.o)
                              .pio\build\uno_r4_wifi\lib627\libMHZ19.a(MHZ19PWM.cpp.o) (yield)
.pio\build\uno_r4_wifi\libFrameworkArduino.a(variant_helper.cpp.o)
                              .pio\build\uno_r4_wifi\libFrameworkArduino.a(Interrupts.cpp.o) (getPinCfgs(unsigned char, PinCfgReq_t))
.pio\build\uno_r4_wifi\libFrameworkArduino.a(vector_table.c.o)
                              .pio\build\uno_r4_wifi\libFrameworkArduino.a(main.cpp.o) (g_vector_table)
.pio\build\uno_r4_wifi\libFrameworkArduino.a(FspTimer.cpp.o)
                              .pio\build\uno_r4_wifi\libFrameworkArduino.a(time.cpp.o) (FspTimer::FspTimer())
.pio\build\uno_r4_wifi\libFrameworkArduino.a(IRQManager.cpp.o)
                              .pio\build\uno_r4_wifi\libFrameworkArduino.a(Interrupts.cpp.o) (IRQManager::getInstance())
.pio\build\uno_r4_wifi\libFrameworkArduino.a(analog.cpp.o)
                              .pio\build\uno_r4_wifi\libFrameworkArduino.a(main.cpp.o) (analogReference())
.pio\build\uno_r4_wifi\libFrameworkArduino.a(Common.cpp.o)
                              .pio\build\uno_r4_wifi\libFrameworkArduino.a(analog.cpp.o) (map(long, long, long, long, long))
.pio\build\uno_r4_wifi\libFrameworkArduino.a(cm_backtrace.c.o)
                              .pio\build\uno_r4_wifi\libFrameworkArduino.a(main.cpp.o) (cm_backtrace_init)
.pio\build\uno_r4_wifi\libFrameworkArduino.a(cortex_handlers.c.o)
                              .pio\build\uno_r4_wifi\libFrameworkArduino.a(main.cpp.o) (Stacktrace_Handler)
.pio\build\uno_r4_wifi\libFrameworkArduino.a(dac.cpp.o)
                              .pio\build\uno_r4_wifi\libFrameworkArduino.a(analog.cpp.o) (CDac::analogWrite(int))
.pio\build\uno_r4_wifi\libFrameworkArduino.a(pinDefinitions.cpp.o)
                              .pio\build\uno_r4_wifi\libFrameworkArduino.a(analog.cpp.o) (pinPeripheral(e_bsp_io_port_pin_t, unsigned long))
.pio\build\uno_r4_wifi\libFrameworkArduino.a(pwm.cpp.o)
                              .pio\build\uno_r4_wifi\libFrameworkArduino.a(analog.cpp.o) (PwmOut::PwmOut(int))
C:\Users\Ivan Ivanov\.platformio\packages\framework-arduinorenesas-uno\variants\UNOWIFIR4\libs\libfsp.a(r_spi.o)
                              .pio\build\uno_r4_wifi\libFrameworkArduino.a(IRQManager.cpp.o) (spi_rxi_isr)
C:\Users\Ivan Ivanov\.platformio\packages\framework-arduinorenesas-uno\variants\UNOWIFIR4\libs\libfsp.a(r_sci_uart.o)
                              .pio\build\uno_r4_wifi\libFrameworkArduino.a(Serial.cpp.o) (R_SCI_UART_Write)
C:\Users\Ivan Ivanov\.platformio\packages\framework-arduinorenesas-uno\variants\UNOWIFIR4\libs\libfsp.a(r_sci_spi.o)
                              .pio\build\uno_r4_wifi\libFrameworkArduino.a(IRQManager.cpp.o) (sci_spi_txi_isr)
C:\Users\Ivan Ivanov\.platformio\packages\framework-arduinorenesas-uno\variants\UNOWIFIR4\libs\libfsp.a(r_sci_i2c.o)
                              .pio\build\uno_r4_wifi\libFrameworkArduino.a(IRQManager.cpp.o) (sci_i2c_rxi_isr)
C:\Users\Ivan Ivanov\.platformio\packages\framework-arduinorenesas-uno\variants\UNOWIFIR4\libs\libfsp.a(r_rtc.o)
                              .pio\build\uno_r4_wifi\libFrameworkArduino.a(IRQManager.cpp.o) (rtc_alarm_periodic_isr)
C:\Users\Ivan Ivanov\.platformio\packages\framework-arduinorenesas-uno\variants\UNOWIFIR4\libs\libfsp.a(r_ioport.o)
                              .pio\build\uno_r4_wifi\libFrameworkArduino.a(digital.cpp.o) (R_IOPORT_PinRead)
[...]
Memory Configuration

Name             Origin             Length             Attributes
FLASH            0x00004000         0x0003c000         xr
RAM              0x20000000         0x00008000         xrw
DATA_FLASH       0x40100000         0x00002000         xr
OPTION_SETTING   0x00000000         0x00000000         r
OPTION_SETTING_S 0x00000000         0x00000000         r
ID_CODE          0x01010018         0x00000020         xr
*default*        0x00000000         0xffffffff

Linker script and memory map

LOAD c:/users/ivan ivanov/.platformio/packages/toolchain-gccarmnoneeabi/bin/../lib/gcc/arm-none-eabi/7.2.1/thumb/v7e-m/fpv4-sp/hard/crti.o
LOAD c:/users/ivan ivanov/.platformio/packages/toolchain-gccarmnoneeabi/bin/../lib/gcc/arm-none-eabi/7.2.1/thumb/v7e-m/fpv4-sp/hard/crtbegin.o
LOAD c:/users/ivan ivanov/.platformio/packages/toolchain-gccarmnoneeabi/bin/../lib/gcc/arm-none-eabi/7.2.1/../../../../arm-none-eabi/lib/thumb/v7e-m/fpv4-sp/hard/crt0.o
LOAD .pio\build\uno_r4_wifi\src\testC02.cpp.o
START GROUP
LOAD .pio\build\uno_r4_wifi\libe63\libWire.a
LOAD .pio\build\uno_r4_wifi\libe6e\libSPI.a
LOAD .pio\build\uno_r4_wifi\lib73b\libAdafruit BusIO.a
LOAD .pio\build\uno_r4_wifi\libb49\libAdafruit GFX Library.a
LOAD .pio\build\uno_r4_wifi\lib627\libMHZ19.a
LOAD .pio\build\uno_r4_wifi\libeee\libCHT8305.a
LOAD .pio\build\uno_r4_wifi\liba97\libGFX Library for Arduino.a
LOAD .pio\build\uno_r4_wifi\lib68f\libAdafruit NeoPixel.a
LOAD .pio\build\uno_r4_wifi\libFrameworkArduinoVariant.a
LOAD .pio\build\uno_r4_wifi\libFrameworkArduino.a
LOAD C:\Users\Ivan Ivanov\.platformio\packages\framework-arduinorenesas-uno\variants\UNOWIFIR4\libs\libfsp.a
LOAD c:/users/ivan ivanov/.platformio/packages/toolchain-gccarmnoneeabi/bin/../lib/gcc/arm-none-eabi/7.2.1/../../../../arm-none-eabi/lib/thumb/v7e-m/fpv4-sp/hard\libstdc++_nano.a
LOAD c:/users/ivan ivanov/.platformio/packages/toolchain-gccarmnoneeabi/bin/../lib/gcc/arm-none-eabi/7.2.1/../../../../arm-none-eabi/lib/thumb/v7e-m/fpv4-sp/hard\libsupc++_nano.a
LOAD c:/users/ivan ivanov/.platformio/packages/toolchain-gccarmnoneeabi/bin/../lib/gcc/arm-none-eabi/7.2.1/thumb/v7e-m/fpv4-sp/hard\libgcc.a
LOAD c:/users/ivan ivanov/.platformio/packages/toolchain-gccarmnoneeabi/bin/../lib/gcc/arm-none-eabi/7.2.1/../../../../arm-none-eabi/lib/thumb/v7e-m/fpv4-sp/hard\libnosys.a
END GROUP
LOAD c:/users/ivan ivanov/.platformio/packages/toolchain-gccarmnoneeabi/bin/../lib/gcc/arm-none-eabi/7.2.1/../../../../arm-none-eabi/lib/thumb/v7e-m/fpv4-sp/hard\libstdc++_nano.a
LOAD c:/users/ivan ivanov/.platformio/packages/toolchain-gccarmnoneeabi/bin/../lib/gcc/arm-none-eabi/7.2.1/../../../../arm-none-eabi/lib/thumb/v7e-m/fpv4-sp/hard\libm.a
LOAD c:/users/ivan ivanov/.platformio/packages/toolchain-gccarmnoneeabi/bin/../lib/gcc/arm-none-eabi/7.2.1/../../../../arm-none-eabi/lib/thumb/v7e-m/fpv4-sp/hard\libc_nano.a
START GROUP
LOAD c:/users/ivan ivanov/.platformio/packages/toolchain-gccarmnoneeabi/bin/../lib/gcc/arm-none-eabi/7.2.1/thumb/v7e-m/fpv4-sp/hard\libgcc.a
LOAD c:/users/ivan ivanov/.platformio/packages/toolchain-gccarmnoneeabi/bin/../lib/gcc/arm-none-eabi/7.2.1/../../../../arm-none-eabi/lib/thumb/v7e-m/fpv4-sp/hard\libc_nano.a
END GROUP
START GROUP
LOAD c:/users/ivan ivanov/.platformio/packages/toolchain-gccarmnoneeabi/bin/../lib/gcc/arm-none-eabi/7.2.1/thumb/v7e-m/fpv4-sp/hard\libgcc.a
LOAD c:/users/ivan ivanov/.platformio/packages/toolchain-gccarmnoneeabi/bin/../lib/gcc/arm-none-eabi/7.2.1/../../../../arm-none-eabi/lib/thumb/v7e-m/fpv4-sp/hard\libc_nano.a
LOAD c:/users/ivan ivanov/.platformio/packages/toolchain-gccarmnoneeabi/bin/../lib/gcc/arm-none-eabi/7.2.1/../../../../arm-none-eabi/lib/thumb/v7e-m/fpv4-sp/hard\libnosys.a
END GROUP
START GROUP
LOAD c:/users/ivan ivanov/.platformio/packages/toolchain-gccarmnoneeabi/bin/../lib/gcc/arm-none-eabi/7.2.1/thumb/v7e-m/fpv4-sp/hard\libgcc.a
LOAD c:/users/ivan ivanov/.platformio/packages/toolchain-gccarmnoneeabi/bin/../lib/gcc/arm-none-eabi/7.2.1/../../../../arm-none-eabi/lib/thumb/v7e-m/fpv4-sp/hard\libc_nano.a
LOAD c:/users/ivan ivanov/.platformio/packages/toolchain-gccarmnoneeabi/bin/../lib/gcc/arm-none-eabi/7.2.1/../../../../arm-none-eabi/lib/thumb/v7e-m/fpv4-sp/hard\libnosys.a
END GROUP
LOAD c:/users/ivan ivanov/.platformio/packages/toolchain-gccarmnoneeabi/bin/../lib/gcc/arm-none-eabi/7.2.1/thumb/v7e-m/fpv4-sp/hard/crtend.o
LOAD c:/users/ivan ivanov/.platformio/packages/toolchain-gccarmnoneeabi/bin/../lib/gcc/arm-none-eabi/7.2.1/thumb/v7e-m/fpv4-sp/hard/crtn.o
                0x20000000                RAM_START = 0x20000000
                0x00008000                RAM_LENGTH = 0x8000
                0x00000000                FLASH_START = 0x0
                0x00040000                FLASH_LENGTH = 0x40000
                0x40100000                DATA_FLASH_START = 0x40100000
                0x00002000                DATA_FLASH_LENGTH = 0x2000
                0x00000000                OPTION_SETTING_START = 0x0
                0x00000000                OPTION_SETTING_LENGTH = 0x0
                0x00000000                OPTION_SETTING_S_START = 0x0
                0x00000000                OPTION_SETTING_S_LENGTH = 0x0
                0x01010018                ID_CODE_START = 0x1010018
                0x00000020                ID_CODE_LENGTH = 0x20
                0x90000000                SDRAM_START = 0x90000000
                0x00000000                SDRAM_LENGTH = 0x0
                0x60000000                QSPI_FLASH_START = 0x60000000
                0x00000000                QSPI_FLASH_LENGTH = 0x0
                0x68000000                OSPI_DEVICE_0_START = 0x68000000
                0x00000000                OSPI_DEVICE_0_LENGTH = 0x0
                0x70000000                OSPI_DEVICE_1_START = 0x70000000
                0x00000000                OSPI_DEVICE_1_LENGTH = 0x0
                0x00004000                FLASH_IMAGE_START = 0x4000
                0x00000100                VECTOR_TABLE_LENGTH = 0x100
                0x00000400                BSP_CFG_STACK_MAIN_BYTES = 0x400
START GROUP
LOAD c:/users/ivan ivanov/.platformio/packages/toolchain-gccarmnoneeabi/bin/../lib/gcc/arm-none-eabi/7.2.1/thumb/v7e-m/fpv4-sp/hard\libgcc.a
LOAD c:/users/ivan ivanov/.platformio/packages/toolchain-gccarmnoneeabi/bin/../lib/gcc/arm-none-eabi/7.2.1/../../../../arm-none-eabi/lib/thumb/v7e-m/fpv4-sp/hard\libc.a
LOAD c:/users/ivan ivanov/.platformio/packages/toolchain-gccarmnoneeabi/bin/../lib/gcc/arm-none-eabi/7.2.1/../../../../arm-none-eabi/lib/thumb/v7e-m/fpv4-sp/hard\libm.a
LOAD c:/users/ivan ivanov/.platformio/packages/toolchain-gccarmnoneeabi/bin/../lib/gcc/arm-none-eabi/7.2.1/../../../../arm-none-eabi/lib/thumb/v7e-m/fpv4-sp/hard\libnosys.a
END GROUP

.text           0x00004000     0x9108
                0x00000000                __tz_FLASH_S = ABSOLUTE (FLASH_START)
                0x00004000                __ROM_Start = .
 *(.sketch_boot)
                0x00004000                . = ALIGN (0x800)
 *(.fixed_vectors*)
 .fixed_vectors
                0x00004000       0x40 C:\Users\Ivan Ivanov\.platformio\packages\framework-arduinorenesas-uno\variants\UNOWIFIR4\libs\libfsp.a(startup.o)
                0x00004000                __Vectors
 *(.application_vectors*)
 .application_vectors
                0x00004040       0x80 .pio\build\uno_r4_wifi\libFrameworkArduino.a(vector_table.c.o)
                0x00004040                g_vector_table
                0x000040c0                __Vectors_End = .
 *(.text*)
 .text          0x000040c0       0x40 c:/users/ivan ivanov/.platformio/packages/toolchain-gccarmnoneeabi/bin/../lib/gcc/arm-none-eabi/7.2.1/thumb/v7e-m/fpv4-sp/hard/crtbegin.o
 .text._Z9showValuev
                0x00004100       0x68 .pio\build\uno_r4_wifi\src\testC02.cpp.o
                0x00004100                showValue()
 .text.loop     0x00004168       0x12 .pio\build\uno_r4_wifi\src\testC02.cpp.o
                0x00004168                loop
 *fill*         0x0000417a        0x2 ff
 .text.startup._GLOBAL__sub_I_mhz
                0x0000417c       0x10 .pio\build\uno_r4_wifi\src\testC02.cpp.o
 .text.exit._GLOBAL__sub_D_mhz
                0x0000418c        0xc .pio\build\uno_r4_wifi\src\testC02.cpp.o
 .text.setup    0x00004198       0x38 .pio\build\uno_r4_wifi\src\testC02.cpp.o
                0x00004198                setup
 .text._ZN8MHZ19PWMD2Ev
                0x000041d0       0x12 .pio\build\uno_r4_wifi\lib627\libMHZ19.a(MHZ19PWM.cpp.o)
                0x000041d0                MHZ19PWM::~MHZ19PWM()
                0x000041d0                MHZ19PWM::~MHZ19PWM()
 .text._ZN8MHZ19PWM8useLimitEj
                0x000041e2        0x4 .pio\build\uno_r4_wifi\lib627\libMHZ19.a(MHZ19PWM.cpp.o)
                0x000041e2                MHZ19PWM::useLimit(unsigned int)
 *fill*         0x000041e6        0x2 ff
 .text._ZN8MHZ19PWM5startEv
                0x000041e8       0x34 .pio\build\uno_r4_wifi\lib627\libMHZ19.a(MHZ19PWM.cpp.o)
                0x000041e8                MHZ19PWM::start()
 .text._ZN8MHZ19PWMC2Eh8MHZ_MODE
                0x0000421c       0x44 .pio\build\uno_r4_wifi\lib627\libMHZ19.a(MHZ19PWM.cpp.o)
                0x0000421c                MHZ19PWM::MHZ19PWM(unsigned char, MHZ_MODE)
                0x0000421c                MHZ19PWM::MHZ19PWM(unsigned char, MHZ_MODE)
 .text._ZN8MHZ19PWM4stopEv
                0x00004260       0x14 .pio\build\uno_r4_wifi\lib627\libMHZ19.a(MHZ19PWM.cpp.o)
                0x00004260                MHZ19PWM::stop()
 .text._ZN8MHZ19PWM11waitForDataEv
                0x00004274       0x1a .pio\build\uno_r4_wifi\lib627\libMHZ19.a(MHZ19PWM.cpp.o)
                0x00004274                MHZ19PWM::waitForData()
 .text._ZN8MHZ19PWM6getCO2Ev
                0x0000428e       0x32 .pio\build\uno_r4_wifi\lib627\libMHZ19.a(MHZ19PWM.cpp.o)
                0x0000428e                MHZ19PWM::getCO2()
 .text._ZN8MHZ19PWM11isrInternalEv
                0x000042c0       0xb8 .pio\build\uno_r4_wifi\lib627\libMHZ19.a(MHZ19PWM.cpp.o)
                0x000042c0                MHZ19PWM::isrInternal()
 .text._ZN8MHZ19PWM3isrEv
                0x00004378       0x10 .pio\build\uno_r4_wifi\lib627\libMHZ19.a(MHZ19PWM.cpp.o)
                0x00004378                MHZ19PWM::isr()
 .text.startup.main
                0x00004388        0xa .pio\build\uno_r4_wifi\libFrameworkArduinoVariant.a(main.c.o)
                0x00004388                main
 *fill*         0x00004392        0x2 ff
 .text._ZL11IrqCallbackP29st_external_irq_callback_args
                0x00004394       0x60 .pio\build\uno_r4_wifi\libFrameworkArduino.a(Interrupts.cpp.o)
 .text._ZL14pin2IrqChanneli
                0x000043f4       0x2e .pio\build\uno_r4_wifi\libFrameworkArduino.a(Interrupts.cpp.o)
 .text._Z21digitalPinToInterrupth
                0x00004422        0x2 .pio\build\uno_r4_wifi\libFrameworkArduino.a(Interrupts.cpp.o)
                0x00004422                digitalPinToInterrupt(unsigned char)
 .text.detachInterrupt
                0x00004424       0x30 .pio\build\uno_r4_wifi\libFrameworkArduino.a(Interrupts.cpp.o)
                0x00004424                detachInterrupt
 .text.attachInterruptParam
                0x00004454       0xe0 .pio\build\uno_r4_wifi\libFrameworkArduino.a(Interrupts.cpp.o)
                0x00004454                attachInterruptParam
 .text.attachInterrupt
                0x00004534        0x6 .pio\build\uno_r4_wifi\libFrameworkArduino.a(Interrupts.cpp.o)
                0x00004534                attachInterrupt
 *fill*         0x0000453a        0x2 ff
 .text.startup._GLOBAL__sub_I__Z21digitalPinToInterrupth
                0x0000453c       0x14 .pio\build\uno_r4_wifi\libFrameworkArduino.a(Interrupts.cpp.o)
 .text.exit._GLOBAL__sub_D__Z21digitalPinToInterrupth
                0x00004550       0x24 .pio\build\uno_r4_wifi\libFrameworkArduino.a(Interrupts.cpp.o)
 .text._ZN7arduino5Print17availableForWriteEv
                0x00004574        0x4 .pio\build\uno_r4_wifi\libFrameworkArduino.a(Serial.cpp.o)
                0x00004574                arduino::Print::availableForWrite()
 .text._ZN4UARTcvbEv
                0x00004578        0x4 .pio\build\uno_r4_wifi\libFrameworkArduino.a(Serial.cpp.o)
                0x00004578                UART::operator bool()
 .text._ZN4UART5beginEm
                0x0000457c        0xa .pio\build\uno_r4_wifi\libFrameworkArduino.a(Serial.cpp.o)
                0x0000457c                UART::begin(unsigned long)
 .text._ZN4UART5flushEv
                0x00004586        0xa .pio\build\uno_r4_wifi\libFrameworkArduino.a(Serial.cpp.o)
                0x00004586                UART::flush()
 .text._ZN4UART4peekEv
                0x00004590       0x18 .pio\build\uno_r4_wifi\libFrameworkArduino.a(Serial.cpp.o)
                0x00004590                UART::peek()
 .text._ZN4UART5writeEh
                0x000045a8       0x34 .pio\build\uno_r4_wifi\libFrameworkArduino.a(Serial.cpp.o)
                0x000045a8                UART::write(unsigned char)
 .text._ZN4UART3endEv
                0x000045dc       0x22 .pio\build\uno_r4_wifi\libFrameworkArduino.a(Serial.cpp.o)
                0x000045dc                UART::end()
 .text._ZN7__GuardD2Ev
                0x000045fe        0xc .pio\build\uno_r4_wifi\libFrameworkArduino.a(Serial.cpp.o)
                0x000045fe                __Guard::~__Guard()
                0x000045fe                __Guard::~__Guard()
 .text._ZN4UART9availableEv
                0x0000460a       0x32 .pio\build\uno_r4_wifi\libFrameworkArduino.a(Serial.cpp.o)
                0x0000460a                UART::available()
 .text._ZN4UART15WrapperCallbackEP20st_uart_callback_arg
                0x0000463c       0x90 .pio\build\uno_r4_wifi\libFrameworkArduino.a(Serial.cpp.o)
                0x0000463c                UART::WrapperCallback(st_uart_callback_arg*)
 .text._ZN4UART4readEv
                0x000046cc       0x5c .pio\build\uno_r4_wifi\libFrameworkArduino.a(Serial.cpp.o)
                0x000046cc                UART::read()
 .text._ZN4UARTC2Eiiii
                0x00004728       0x78 .pio\build\uno_r4_wifi\libFrameworkArduino.a(Serial.cpp.o)
                0x00004728                UART::UART(int, int, int, int)
                0x00004728                UART::UART(int, int, int, int)
 .text._ZN4UART13setUpUartIrqsER11st_uart_cfg
                0x000047a0       0x14 .pio\build\uno_r4_wifi\libFrameworkArduino.a(Serial.cpp.o)
                0x000047a0                UART::setUpUartIrqs(st_uart_cfg&)
 .text._ZN4UART8cfg_pinsEi
                0x000047b4       0xe8 .pio\build\uno_r4_wifi\libFrameworkArduino.a(Serial.cpp.o)
                0x000047b4                UART::cfg_pins(int)
 .text._ZN4UART5beginEmt
                0x0000489c      0x1a8 .pio\build\uno_r4_wifi\libFrameworkArduino.a(Serial.cpp.o)
                0x0000489c                UART::begin(unsigned long, unsigned short)
 .text._ZN4UART9write_rawEPhj
                0x00004a44       0x1e .pio\build\uno_r4_wifi\libFrameworkArduino.a(Serial.cpp.o)
                0x00004a44                UART::write_raw(unsigned char*, unsigned int)
 *fill*         0x00004a62        0x2 ff
 .text.startup._GLOBAL__sub_I__UART1_
                0x00004a64       0x1c .pio\build\uno_r4_wifi\libFrameworkArduino.a(SerialObj1.cpp.o)
 .text._ZN7arduino5Print5writeEPKhj
                0x00004a80       0x2c .pio\build\uno_r4_wifi\libFrameworkArduino.a(Print.cpp.o)
                0x00004a80                arduino::Print::write(unsigned char const*, unsigned int)
 .text._ZN7arduino5Print5writeEPKc.part.2
                0x00004aac       0x1e .pio\build\uno_r4_wifi\libFrameworkArduino.a(Print.cpp.o)
 .text._ZN7arduino5Print5writeEPKc
                0x00004aca        0xa .pio\build\uno_r4_wifi\libFrameworkArduino.a(Print.cpp.o)
                0x00004aca                arduino::Print::write(char const*)
 .text._ZN7arduino5Print5printEPKNS_19__FlashStringHelperE
                0x00004ad4        0x8 .pio\build\uno_r4_wifi\libFrameworkArduino.a(Print.cpp.o)
                0x00004ad4                arduino::Print::print(arduino::__FlashStringHelper const*)
 .text._ZN7arduino5Print5printEc
                0x00004adc        0x8 .pio\build\uno_r4_wifi\libFrameworkArduino.a(Print.cpp.o)
                0x00004adc                arduino::Print::print(char)
 .text._ZN7arduino5Print7printlnEv
                0x00004ae4        0xc .pio\build\uno_r4_wifi\libFrameworkArduino.a(Print.cpp.o)
                0x00004ae4                arduino::Print::println()
 .text._ZN7arduino5Print7printlnEPKNS_19__FlashStringHelperE
                0x00004af0       0x14 .pio\build\uno_r4_wifi\libFrameworkArduino.a(Print.cpp.o)
                0x00004af0                arduino::Print::println(arduino::__FlashStringHelper const*)
 .text._ZN7arduino5Print11printNumberEmh
                0x00004b04       0x3c .pio\build\uno_r4_wifi\libFrameworkArduino.a(Print.cpp.o)
                0x00004b04                arduino::Print::printNumber(unsigned long, unsigned char)
 .text._ZN7arduino5Print5printEmi
                0x00004b40       0x1a .pio\build\uno_r4_wifi\libFrameworkArduino.a(Print.cpp.o)
                0x00004b40                arduino::Print::print(unsigned long, int)
 .text._ZN7arduino5Print7printlnEmi
                0x00004b5a       0x14 .pio\build\uno_r4_wifi\libFrameworkArduino.a(Print.cpp.o)
                0x00004b5a                arduino::Print::println(unsigned long, int)
 *fill*         0x00004b6e        0x2 ff
 .text._ZN7arduino5Print10printFloatEdi
                0x00004b70      0x17c .pio\build\uno_r4_wifi\libFrameworkArduino.a(Print.cpp.o)
                0x00004b70                arduino::Print::printFloat(double, int)
 .text._ZN7arduino5Print7printlnEdi
                0x00004cec       0x14 .pio\build\uno_r4_wifi\libFrameworkArduino.a(Print.cpp.o)
                0x00004cec                arduino::Print::println(double, int)
 .text.pinMode  0x00004d00       0x30 .pio\build\uno_r4_wifi\libFrameworkArduino.a(digital.cpp.o)
                0x00004d00                pinMode
 .text.digitalWrite
                0x00004d30       0x18 .pio\build\uno_r4_wifi\libFrameworkArduino.a(digital.cpp.o)
                0x00004d30                digitalWrite
 .text.digitalRead
                0x00004d48       0x28 .pio\build\uno_r4_wifi\libFrameworkArduino.a(digital.cpp.o)
                0x00004d48                digitalRead
 .text.R_BSP_PinAccessEnable
                0x00004d70       0x2c .pio\build\uno_r4_wifi\libFrameworkArduino.a(main.cpp.o)
 .text.start_freertos_on_header_inclusion
                0x00004d9c        0x2 .pio\build\uno_r4_wifi\libFrameworkArduino.a(main.cpp.o)
                0x00004d9c                start_freertos_on_header_inclusion
 .text.early_start_freertos_on_header_inclusion
                0x00004d9e        0x2 .pio\build\uno_r4_wifi\libFrameworkArduino.a(main.cpp.o)
                0x00004d9e                early_start_freertos_on_header_inclusion
 .text._Z12arduino_mainv
                0x00004da0       0x94 .pio\build\uno_r4_wifi\libFrameworkArduino.a(main.cpp.o)
                0x00004da0                arduino_main()
 .text._write   0x00004e34        0xc .pio\build\uno_r4_wifi\libFrameworkArduino.a(main.cpp.o)
                0x00004e34                _write
 .text.hal_entry
                0x00004e40        0x6 .pio\build\uno_r4_wifi\libFrameworkArduino.a(main.cpp.o)
                0x00004e40                hal_entry
 .text.atexit   0x00004e46        0x4 .pio\build\uno_r4_wifi\libFrameworkArduino.a(main.cpp.o)
                0x00004e46                atexit
 *fill*         0x00004e4a        0x2 ff
 .text._ZL21timer_micros_callbackP22st_timer_callback_args
                0x00004e4c       0x10 .pio\build\uno_r4_wifi\libFrameworkArduino.a(time.cpp.o)
 .text.delayMicroseconds
                0x00004e5c        0x6 .pio\build\uno_r4_wifi\libFrameworkArduino.a(time.cpp.o)
                0x00004e5c                delayMicroseconds
 .text.yield    0x00004e62        0x2 .pio\build\uno_r4_wifi\libFrameworkArduino.a(time.cpp.o)
                0x00004e62                yield
 .text.delay    0x00004e64       0x1c .pio\build\uno_r4_wifi\libFrameworkArduino.a(time.cpp.o)
                0x00004e64                delay
 .text._Z8startAgtv
                0x00004e80       0x6c .pio\build\uno_r4_wifi\libFrameworkArduino.a(time.cpp.o)
                0x00004e80                startAgt()
 .text.millis   0x00004eec        0xc .pio\build\uno_r4_wifi\libFrameworkArduino.a(time.cpp.o)
                0x00004eec                millis
 .text.micros   0x00004ef8       0x84 .pio\build\uno_r4_wifi\libFrameworkArduino.a(time.cpp.o)
                0x00004ef8                micros
 .text.startup._GLOBAL__sub_I_delayMicroseconds
                0x00004f7c        0xc .pio\build\uno_r4_wifi\libFrameworkArduino.a(time.cpp.o)
 .text.exit._GLOBAL__sub_D_delayMicroseconds
                0x00004f88        0xc .pio\build\uno_r4_wifi\libFrameworkArduino.a(time.cpp.o)
 .text._Z10getPinCfgsh11PinCfgReq_t
                0x00004f94       0xe0 .pio\build\uno_r4_wifi\libFrameworkArduino.a(variant_helper.cpp.o)
                0x00004f94                getPinCfgs(unsigned char, PinCfgReq_t)
 .text._ZN8FspTimerC2Ev
                0x00005074       0x18 .pio\build\uno_r4_wifi\libFrameworkArduino.a(FspTimer.cpp.o)
                0x00005074                FspTimer::FspTimer()
                0x00005074                FspTimer::FspTimer()
 .text._ZN8FspTimer5beginE12e_timer_modehhmm18e_timer_source_divPFvP22st_timer_callback_argsEPv
                0x0000508c      0x16c .pio\build\uno_r4_wifi\libFrameworkArduino.a(FspTimer.cpp.o)
                0x0000508c                FspTimer::begin(e_timer_mode, unsigned char, unsigned char, unsigned long, unsigned long, e_timer_source_div, void (*)(st_timer_callback_args*), void*)
 .text._ZN8FspTimer4openEv
                0x000051f8       0x4e .pio\build\uno_r4_wifi\libFrameworkArduino.a(FspTimer.cpp.o)
                0x000051f8                FspTimer::open()
 .text._ZN8FspTimer5startEv
                0x00005246       0x2e .pio\build\uno_r4_wifi\libFrameworkArduino.a(FspTimer.cpp.o)
                0x00005246                FspTimer::start()
 .text._ZN8FspTimer5closeEv
                0x00005274       0x2e .pio\build\uno_r4_wifi\libFrameworkArduino.a(FspTimer.cpp.o)
                0x00005274                FspTimer::close()
 *fill*         0x000052a2        0x2 ff
 .text._ZN8FspTimer3endEv
                0x000052a4       0x48 .pio\build\uno_r4_wifi\libFrameworkArduino.a(FspTimer.cpp.o)
                0x000052a4                FspTimer::end()
 .text._ZN8FspTimerD2Ev
                0x000052ec        0xc .pio\build\uno_r4_wifi\libFrameworkArduino.a(FspTimer.cpp.o)
                0x000052ec                FspTimer::~FspTimer()
                0x000052ec                FspTimer::~FspTimer()
 .text._ZN8FspTimer15get_cfg_for_irqEv
                0x000052f8       0x14 .pio\build\uno_r4_wifi\libFrameworkArduino.a(FspTimer.cpp.o)
                0x000052f8                FspTimer::get_cfg_for_irq()
 .text._ZN8FspTimer9is_openedEv
                0x0000530c       0x18 .pio\build\uno_r4_wifi\libFrameworkArduino.a(FspTimer.cpp.o)
                0x0000530c                FspTimer::is_opened()
 .text._ZN8FspTimer18setup_overflow_irqEhPFvvE
                0x00005324       0x4e .pio\build\uno_r4_wifi\libFrameworkArduino.a(FspTimer.cpp.o)
                0x00005324                FspTimer::setup_overflow_irq(unsigned char, void (*)())
 *fill*         0x00005372        0x2 ff
 .text.__NVIC_SetPriority
                0x00005374       0x28 .pio\build\uno_r4_wifi\libFrameworkArduino.a(IRQManager.cpp.o)
 .text.R_BSP_IrqEnable
                0x0000539c       0x34 .pio\build\uno_r4_wifi\libFrameworkArduino.a(IRQManager.cpp.o)
 .text.R_BSP_IrqDisable
                0x000053d0       0x24 .pio\build\uno_r4_wifi\libFrameworkArduino.a(IRQManager.cpp.o)
 .text.__tcf_0  0x000053f4        0x2 .pio\build\uno_r4_wifi\libFrameworkArduino.a(IRQManager.cpp.o)
 *fill*         0x000053f6        0x2 ff
 .text._ZN10IRQManager11getInstanceEv
                0x000053f8       0x38 .pio\build\uno_r4_wifi\libFrameworkArduino.a(IRQManager.cpp.o)
                0x000053f8                IRQManager::getInstance()
 .text._ZN10IRQManager18set_ext_link_eventEii
                0x00005430       0xc8 .pio\build\uno_r4_wifi\libFrameworkArduino.a(IRQManager.cpp.o)
                0x00005430                IRQManager::set_ext_link_event(int, int)
 .text._ZN10IRQManager23set_gpt_over_link_eventEii
                0x000054f8       0x70 .pio\build\uno_r4_wifi\libFrameworkArduino.a(IRQManager.cpp.o)
                0x000054f8                IRQManager::set_gpt_over_link_event(int, int)
 .text._ZN10IRQManager18set_agt_link_eventEii
                0x00005568       0x28 .pio\build\uno_r4_wifi\libFrameworkArduino.a(IRQManager.cpp.o)
                0x00005568                IRQManager::set_agt_link_event(int, int)
 .text._ZN10IRQManager16addTimerOverflowER5timerPFvvE
                0x00005590       0x80 .pio\build\uno_r4_wifi\libFrameworkArduino.a(IRQManager.cpp.o)
                0x00005590                IRQManager::addTimerOverflow(timer&, void (*)())
 .text._ZN10IRQManager21set_iic_tx_link_eventEii
                0x00005610       0x20 .pio\build\uno_r4_wifi\libFrameworkArduino.a(IRQManager.cpp.o)
                0x00005610                IRQManager::set_iic_tx_link_event(int, int)
 .text._ZN10IRQManager21set_iic_rx_link_eventEii
                0x00005630       0x20 .pio\build\uno_r4_wifi\libFrameworkArduino.a(IRQManager.cpp.o)
                0x00005630                IRQManager::set_iic_rx_link_event(int, int)
 .text._ZN10IRQManager22set_iic_tei_link_eventEii
                0x00005650       0x20 .pio\build\uno_r4_wifi\libFrameworkArduino.a(IRQManager.cpp.o)
                0x00005650                IRQManager::set_iic_tei_link_event(int, int)
 .text._ZN10IRQManager22set_iic_eri_link_eventEii
                0x00005670       0x20 .pio\build\uno_r4_wifi\libFrameworkArduino.a(IRQManager.cpp.o)
                0x00005670                IRQManager::set_iic_eri_link_event(int, int)
 .text._ZN10IRQManager21set_sci_tx_link_eventEii
                0x00005690       0x38 .pio\build\uno_r4_wifi\libFrameworkArduino.a(IRQManager.cpp.o)
                0x00005690                IRQManager::set_sci_tx_link_event(int, int)
 .text._ZN10IRQManager21set_sci_rx_link_eventEii
                0x000056c8       0x38 .pio\build\uno_r4_wifi\libFrameworkArduino.a(IRQManager.cpp.o)
                0x000056c8                IRQManager::set_sci_rx_link_event(int, int)
 .text._ZN10IRQManager22set_sci_tei_link_eventEii
                0x00005700       0x38 .pio\build\uno_r4_wifi\libFrameworkArduino.a(IRQManager.cpp.o)
                0x00005700                IRQManager::set_sci_tei_link_event(int, int)
 .text._ZN10IRQManager22set_sci_eri_link_eventEii
                0x00005738       0x38 .pio\build\uno_r4_wifi\libFrameworkArduino.a(IRQManager.cpp.o)
                0x00005738                IRQManager::set_sci_eri_link_event(int, int)
 .text._ZN10IRQManager21set_spi_tx_link_eventEii
                0x00005770       0x20 .pio\build\uno_r4_wifi\libFrameworkArduino.a(IRQManager.cpp.o)
                0x00005770                IRQManager::set_spi_tx_link_event(int, int)
 .text._ZN10IRQManager21set_spi_rx_link_eventEii
                0x00005790       0x20 .pio\build\uno_r4_wifi\libFrameworkArduino.a(IRQManager.cpp.o)
                0x00005790                IRQManager::set_spi_rx_link_event(int, int)
 .text._ZN10IRQManager22set_spi_tei_link_eventEii
                0x000057b0       0x20 .pio\build\uno_r4_wifi\libFrameworkArduino.a(IRQManager.cpp.o)
                0x000057b0                IRQManager::set_spi_tei_link_event(int, int)
 .text._ZN10IRQManager22set_spi_eri_link_eventEii
                0x000057d0       0x20 .pio\build\uno_r4_wifi\libFrameworkArduino.a(IRQManager.cpp.o)
                0x000057d0                IRQManager::set_spi_eri_link_event(int, int)
 .text._ZN10IRQManager13addPeripheralE12Peripheral_tPv
                0x000057f0      0x904 .pio\build\uno_r4_wifi\libFrameworkArduino.a(IRQManager.cpp.o)
                0x000057f0                IRQManager::addPeripheral(Peripheral_t, void*)
 .text._ZL13readAllGroupAP13ADC_Container
                0x000060f4       0x2c .pio\build\uno_r4_wifi\libFrameworkArduino.a(analog.cpp.o)
 .text._ZL11ADC_irq_cbkP20st_adc_callback_args
                0x00006120       0x58 .pio\build\uno_r4_wifi\libFrameworkArduino.a(analog.cpp.o)
 .text._ZL10adcConvertP13ADC_Containert
                0x00006178       0xa4 .pio\build\uno_r4_wifi\libFrameworkArduino.a(analog.cpp.o)
 .text._ZL21get_ADC_container_ptrlRt.constprop.4
                0x0000621c       0x38 .pio\build\uno_r4_wifi\libFrameworkArduino.a(analog.cpp.o)
 .text._ZN13ADC_ContainerC2EhPFvP20st_adc_callback_argsEPv
                0x00006254       0x6e .pio\build\uno_r4_wifi\libFrameworkArduino.a(analog.cpp.o)
                0x00006254                ADC_Container::ADC_Container(unsigned char, void (*)(st_adc_callback_args*), void*)
                0x00006254                ADC_Container::ADC_Container(unsigned char, void (*)(st_adc_callback_args*), void*)
 .text._ZN13ADC_ContainerD2Ev
                0x000062c2       0x12 .pio\build\uno_r4_wifi\libFrameworkArduino.a(analog.cpp.o)
                0x000062c2                ADC_Container::~ADC_Container()
                0x000062c2                ADC_Container::~ADC_Container()
 .text.analogRead
                0x000062d4       0x3c .pio\build\uno_r4_wifi\libFrameworkArduino.a(analog.cpp.o)
                0x000062d4                analogRead
 .text.analogReference
                0x00006310       0x5c .pio\build\uno_r4_wifi\libFrameworkArduino.a(analog.cpp.o)
                0x00006310                analogReference
 *fill*         0x0000636c        0x4 ff
 .text._Z15analogReferencev
                0x00006370      0x10c .pio\build\uno_r4_wifi\libFrameworkArduino.a(analog.cpp.o)
                0x00006370                analogReference()
 .text._Z23__get_timer_for_channeli
                0x0000647c       0x2c .pio\build\uno_r4_wifi\libFrameworkArduino.a(analog.cpp.o)
                0x0000647c                __get_timer_for_channel(int)
 .text.startup._GLOBAL__sub_I__ZN13ADC_ContainerC2EhPFvP20st_adc_callback_argsEPv
                0x000064a8       0x4c .pio\build\uno_r4_wifi\libFrameworkArduino.a(analog.cpp.o)
 .text.exit._GLOBAL__sub_D__ZN13ADC_ContainerC2EhPFvP20st_adc_callback_argsEPv
                0x000064f4       0x1c .pio\build\uno_r4_wifi\libFrameworkArduino.a(analog.cpp.o)
 .text._Z3maplllll
                0x00006510       0x14 .pio\build\uno_r4_wifi\libFrameworkArduino.a(Common.cpp.o)
                0x00006510                map(long, long, long, long, long)
 .text.dump_stack
                0x00006524       0x7c .pio\build\uno_r4_wifi\libFrameworkArduino.a(cm_backtrace.c.o)
 .text.cm_backtrace_init
                0x000065a0       0x74 .pio\build\uno_r4_wifi\libFrameworkArduino.a(cm_backtrace.c.o)
                0x000065a0                cm_backtrace_init
 .text.cm_backtrace_firmware_info
                0x00006614       0x2c .pio\build\uno_r4_wifi\libFrameworkArduino.a(cm_backtrace.c.o)
                0x00006614                cm_backtrace_firmware_info
 .text.cm_backtrace_call_stack
                0x00006640       0xe4 .pio\build\uno_r4_wifi\libFrameworkArduino.a(cm_backtrace.c.o)
                0x00006640                cm_backtrace_call_stack
 .text.print_call_stack
                0x00006724       0x94 .pio\build\uno_r4_wifi\libFrameworkArduino.a(cm_backtrace.c.o)
 .text.cm_backtrace_fault
                0x000067b8      0x470 .pio\build\uno_r4_wifi\libFrameworkArduino.a(cm_backtrace.c.o)
                0x000067b8                cm_backtrace_fault
 .text.Stacktrace_Handler
                0x00006c28        0xa .pio\build\uno_r4_wifi\libFrameworkArduino.a(cortex_handlers.c.o)
                0x00006c28                Stacktrace_Handler
 *fill*         0x00006c32        0x2 ff
 .text._ZN4CDacC2Eh
                0x00006c34       0x6c .pio\build\uno_r4_wifi\libFrameworkArduino.a(dac.cpp.o)
                0x00006c34                CDac::CDac(unsigned char)
                0x00006c34                CDac::CDac(unsigned char)
 .text.startup._GLOBAL__sub_I__ZN4CDacC2Eh
                0x00006ca0        0xc .pio\build\uno_r4_wifi\libFrameworkArduino.a(dac.cpp.o)
 .text._Z13pinPeripheral19e_bsp_io_port_pin_tm
                0x00006cac       0x10 .pio\build\uno_r4_wifi\libFrameworkArduino.a(pinDefinitions.cpp.o)
                0x00006cac                pinPeripheral(e_bsp_io_port_pin_t, unsigned long)
 .text.r_spi_call_callback
                0x00006cbc       0x40 C:\Users\Ivan Ivanov\.platformio\packages\framework-arduinorenesas-uno\variants\UNOWIFIR4\libs\libfsp.a(r_spi.o)
 .text.spi_rxi_isr
                0x00006cfc       0x9c C:\Users\Ivan Ivanov\.platformio\packages\framework-arduinorenesas-uno\variants\UNOWIFIR4\libs\libfsp.a(r_spi.o)
                0x00006cfc                spi_rxi_isr
 .text.spi_txi_isr
                0x00006d98       0xd8 C:\Users\Ivan Ivanov\.platformio\packages\framework-arduinorenesas-uno\variants\UNOWIFIR4\libs\libfsp.a(r_spi.o)
                0x00006d98                spi_txi_isr
 .text.spi_tei_isr
                0x00006e70       0xe0 C:\Users\Ivan Ivanov\.platformio\packages\framework-arduinorenesas-uno\variants\UNOWIFIR4\libs\libfsp.a(r_spi.o)
                0x00006e70                spi_tei_isr
 .text.spi_eri_isr
                0x00006f50       0xdc C:\Users\Ivan Ivanov\.platformio\packages\framework-arduinorenesas-uno\variants\UNOWIFIR4\libs\libfsp.a(r_spi.o)
                0x00006f50                spi_eri_isr
 .text.R_SCI_UART_Write
                0x0000702c       0xb0 C:\Users\Ivan Ivanov\.platformio\packages\framework-arduinorenesas-uno\variants\UNOWIFIR4\libs\libfsp.a(r_sci_uart.o)
                0x0000702c                R_SCI_UART_Write
 .text.R_SCI_UART_BaudSet
                0x000070dc       0x44 C:\Users\Ivan Ivanov\.platformio\packages\framework-arduinorenesas-uno\variants\UNOWIFIR4\libs\libfsp.a(r_sci_uart.o)
                0x000070dc                R_SCI_UART_BaudSet
 .text.R_SCI_UART_Close
                0x00007120       0xd8 C:\Users\Ivan Ivanov\.platformio\packages\framework-arduinorenesas-uno\variants\UNOWIFIR4\libs\libfsp.a(r_sci_uart.o)
                0x00007120                R_SCI_UART_Close
 .text.r_sci_uart_call_callback
                0x000071f8       0x44 C:\Users\Ivan Ivanov\.platformio\packages\framework-arduinorenesas-uno\variants\UNOWIFIR4\libs\libfsp.a(r_sci_uart.o)
 .text.r_sci_uart_transfer_configure.isra.0
                0x0000723c       0x38 C:\Users\Ivan Ivanov\.platformio\packages\framework-arduinorenesas-uno\variants\UNOWIFIR4\libs\libfsp.a(r_sci_uart.o)
 .text.R_SCI_UART_Open
                0x00007274      0x448 C:\Users\Ivan Ivanov\.platformio\packages\framework-arduinorenesas-uno\variants\UNOWIFIR4\libs\libfsp.a(r_sci_uart.o)
                0x00007274                R_SCI_UART_Open
 .text.R_SCI_UART_BaudCalculate
                0x000076bc      0x184 C:\Users\Ivan Ivanov\.platformio\packages\framework-arduinorenesas-uno\variants\UNOWIFIR4\libs\libfsp.a(r_sci_uart.o)
                0x000076bc                R_SCI_UART_BaudCalculate
 .text.sci_uart_txi_isr
                0x00007840       0xec C:\Users\Ivan Ivanov\.platformio\packages\framework-arduinorenesas-uno\variants\UNOWIFIR4\libs\libfsp.a(r_sci_uart.o)
                0x00007840                sci_uart_txi_isr
 .text.sci_uart_rxi_isr
                0x0000792c      0x184 C:\Users\Ivan Ivanov\.platformio\packages\framework-arduinorenesas-uno\variants\UNOWIFIR4\libs\libfsp.a(r_sci_uart.o)
                0x0000792c                sci_uart_rxi_isr
 .text.sci_uart_tei_isr
                0x00007ab0       0x40 C:\Users\Ivan Ivanov\.platformio\packages\framework-arduinorenesas-uno\variants\UNOWIFIR4\libs\libfsp.a(r_sci_uart.o)
                0x00007ab0                sci_uart_tei_isr
 .text.sci_uart_eri_isr
                0x00007af0       0x78 C:\Users\Ivan Ivanov\.platformio\packages\framework-arduinorenesas-uno\variants\UNOWIFIR4\libs\libfsp.a(r_sci_uart.o)
                0x00007af0                sci_uart_eri_isr
 .text.r_sci_spi_call_callback
                0x00007b68       0x40 C:\Users\Ivan Ivanov\.platformio\packages\framework-arduinorenesas-uno\variants\UNOWIFIR4\libs\libfsp.a(r_sci_spi.o)
 .text.sci_spi_txi_isr
                0x00007ba8       0x68 C:\Users\Ivan Ivanov\.platformio\packages\framework-arduinorenesas-uno\variants\UNOWIFIR4\libs\libfsp.a(r_sci_spi.o)
                0x00007ba8                sci_spi_txi_isr
 .text.sci_spi_rxi_isr
                0x00007c10       0x74 C:\Users\Ivan Ivanov\.platformio\packages\framework-arduinorenesas-uno\variants\UNOWIFIR4\libs\libfsp.a(r_sci_spi.o)
                0x00007c10                sci_spi_rxi_isr
 .text.sci_spi_tei_isr
                0x00007c84       0x3c C:\Users\Ivan Ivanov\.platformio\packages\framework-arduinorenesas-uno\variants\UNOWIFIR4\libs\libfsp.a(r_sci_spi.o)
                0x00007c84                sci_spi_tei_isr
 .text.sci_spi_eri_isr
                0x00007cc0       0x44 C:\Users\Ivan Ivanov\.platformio\packages\framework-arduinorenesas-uno\variants\UNOWIFIR4\libs\libfsp.a(r_sci_spi.o)
                0x00007cc0                sci_spi_eri_isr
 .text.sci_i2c_enable_transfer_support_tx
                0x00007d04       0x34 C:\Users\Ivan Ivanov\.platformio\packages\framework-arduinorenesas-uno\variants\UNOWIFIR4\libs\libfsp.a(r_sci_i2c.o)
 .text.sci_i2c_notify
                0x00007d38       0x64 C:\Users\Ivan Ivanov\.platformio\packages\framework-arduinorenesas-uno\variants\UNOWIFIR4\libs\libfsp.a(r_sci_i2c.o)
                0x00007d38                sci_i2c_notify
 .text.sci_i2c_rxi_isr
                0x00007d9c       0x20 C:\Users\Ivan Ivanov\.platformio\packages\framework-arduinorenesas-uno\variants\UNOWIFIR4\libs\libfsp.a(r_sci_i2c.o)
                0x00007d9c                sci_i2c_rxi_isr
 .text.sci_i2c_txi_isr
                0x00007dbc      0x198 C:\Users\Ivan Ivanov\.platformio\packages\framework-arduinorenesas-uno\variants\UNOWIFIR4\libs\libfsp.a(r_sci_i2c.o)
                0x00007dbc                sci_i2c_txi_isr
 .text.sci_i2c_tei_isr
                0x00007f54       0xf0 C:\Users\Ivan Ivanov\.platformio\packages\framework-arduinorenesas-uno\variants\UNOWIFIR4\libs\libfsp.a(r_sci_i2c.o)
                0x00007f54                sci_i2c_tei_isr
 .text.rtc_alarm_periodic_isr
                0x00008044       0x68 C:\Users\Ivan Ivanov\.platformio\packages\framework-arduinorenesas-uno\variants\UNOWIFIR4\libs\libfsp.a(r_rtc.o)
                0x00008044                rtc_alarm_periodic_isr
 .text.rtc_carry_isr
                0x000080ac       0x2c C:\Users\Ivan Ivanov\.platformio\packages\framework-arduinorenesas-uno\variants\UNOWIFIR4\libs\libfsp.a(r_rtc.o)
                0x000080ac                rtc_carry_isr
 .text.R_IOPORT_PinRead
                0x000080d8       0x1c C:\Users\Ivan Ivanov\.platformio\packages\framework-arduinorenesas-uno\variants\UNOWIFIR4\libs\libfsp.a(r_ioport.o)
                0x000080d8                R_IOPORT_PinRead
 .text.R_IOPORT_PinWrite
                0x000080f4       0x20 C:\Users\Ivan Ivanov\.platformio\packages\framework-arduinorenesas-uno\variants\UNOWIFIR4\libs\libfsp.a(r_ioport.o)
                0x000080f4                R_IOPORT_PinWrite
 .text.bsp_vbatt_init
                0x00008114       0xac C:\Users\Ivan Ivanov\.platformio\packages\framework-arduinorenesas-uno\variants\UNOWIFIR4\libs\libfsp.a(r_ioport.o)
 .text.R_IOPORT_PinCfg
                0x000081c0       0xa8 C:\Users\Ivan Ivanov\.platformio\packages\framework-arduinorenesas-uno\variants\UNOWIFIR4\libs\libfsp.a(r_ioport.o)
                0x000081c0                R_IOPORT_PinCfg
 .text.r_iic_slave_call_callback
                0x00008268       0x3c C:\Users\Ivan Ivanov\.platformio\packages\framework-arduinorenesas-uno\variants\UNOWIFIR4\libs\libfsp.a(r_iic_slave.o)
 .text.iic_slave_initiate_transaction
                0x000082a4       0x74 C:\Users\Ivan Ivanov\.platformio\packages\framework-arduinorenesas-uno\variants\UNOWIFIR4\libs\libfsp.a(r_iic_slave.o)
 .text.iic_slave_rxi_isr
                0x00008318      0x12c C:\Users\Ivan Ivanov\.platformio\packages\framework-arduinorenesas-uno\variants\UNOWIFIR4\libs\libfsp.a(r_iic_slave.o)
                0x00008318                iic_slave_rxi_isr
 .text.iic_slave_txi_isr
                0x00008444       0xa8 C:\Users\Ivan Ivanov\.platformio\packages\framework-arduinorenesas-uno\variants\UNOWIFIR4\libs\libfsp.a(r_iic_slave.o)
                0x00008444                iic_slave_txi_isr
 .text.iic_slave_tei_isr
                0x000084ec       0x94 C:\Users\Ivan Ivanov\.platformio\packages\framework-arduinorenesas-uno\variants\UNOWIFIR4\libs\libfsp.a(r_iic_slave.o)
                0x000084ec                iic_slave_tei_isr
 .text.iic_slave_eri_isr
                0x00008580      0x10c C:\Users\Ivan Ivanov\.platformio\packages\framework-arduinorenesas-uno\variants\UNOWIFIR4\libs\libfsp.a(r_iic_slave.o)
                0x00008580                iic_slave_eri_isr
 .text.iic_master_notify
                0x0000868c       0x3c C:\Users\Ivan Ivanov\.platformio\packages\framework-arduinorenesas-uno\variants\UNOWIFIR4\libs\libfsp.a(r_iic_master.o)
 .text.iic_master_open_hw_master
                0x000086c8      0x184 C:\Users\Ivan Ivanov\.platformio\packages\framework-arduinorenesas-uno\variants\UNOWIFIR4\libs\libfsp.a(r_iic_master.o)
 .text.iic_master_rxi_isr
                0x0000884c      0x13c C:\Users\Ivan Ivanov\.platformio\packages\framework-arduinorenesas-uno\variants\UNOWIFIR4\libs\libfsp.a(r_iic_master.o)
                0x0000884c                iic_master_rxi_isr
 .text.iic_master_txi_isr
                0x00008988       0xec C:\Users\Ivan Ivanov\.platformio\packages\framework-arduinorenesas-uno\variants\UNOWIFIR4\libs\libfsp.a(r_iic_master.o)
                0x00008988                iic_master_txi_isr
 .text.iic_master_tei_isr
                0x00008a74       0xc4 C:\Users\Ivan Ivanov\.platformio\packages\framework-arduinorenesas-uno\variants\UNOWIFIR4\libs\libfsp.a(r_iic_master.o)
                0x00008a74                iic_master_tei_isr
 .text.iic_master_eri_isr
                0x00008b38      0x140 C:\Users\Ivan Ivanov\.platformio\packages\framework-arduinorenesas-uno\variants\UNOWIFIR4\libs\libfsp.a(r_iic_master.o)
                0x00008b38                iic_master_eri_isr
 .text.R_ICU_ExternalIrqOpen
                0x00008c78       0x80 C:\Users\Ivan Ivanov\.platformio\packages\framework-arduinorenesas-uno\variants\UNOWIFIR4\libs\libfsp.a(r_icu.o)
                0x00008c78                R_ICU_ExternalIrqOpen
 .text.R_ICU_ExternalIrqEnable
                0x00008cf8       0x40 C:\Users\Ivan Ivanov\.platformio\packages\framework-arduinorenesas-uno\variants\UNOWIFIR4\libs\libfsp.a(r_icu.o)
                0x00008cf8                R_ICU_ExternalIrqEnable
 .text.R_ICU_ExternalIrqDisable
                0x00008d38       0x30 C:\Users\Ivan Ivanov\.platformio\packages\framework-arduinorenesas-uno\variants\UNOWIFIR4\libs\libfsp.a(r_icu.o)
                0x00008d38                R_ICU_ExternalIrqDisable
 .text.R_ICU_ExternalIrqClose
                0x00008d68       0x50 C:\Users\Ivan Ivanov\.platformio\packages\framework-arduinorenesas-uno\variants\UNOWIFIR4\libs\libfsp.a(r_icu.o)
                0x00008d68                R_ICU_ExternalIrqClose
 .text.r_icu_isr
                0x00008db8       0x6c C:\Users\Ivan Ivanov\.platformio\packages\framework-arduinorenesas-uno\variants\UNOWIFIR4\libs\libfsp.a(r_icu.o)
                0x00008db8                r_icu_isr
 .text.R_GPT_Start
                0x00008e24        0xc C:\Users\Ivan Ivanov\.platformio\packages\framework-arduinorenesas-uno\variants\UNOWIFIR4\libs\libfsp.a(r_gpt.o)
                0x00008e24                R_GPT_Start
 .text.R_GPT_Enable
                0x00008e30       0x30 C:\Users\Ivan Ivanov\.platformio\packages\framework-arduinorenesas-uno\variants\UNOWIFIR4\libs\libfsp.a(r_gpt.o)
                0x00008e30                R_GPT_Enable
 .text.r_gpt_enable_irq
                0x00008e60       0x5c C:\Users\Ivan Ivanov\.platformio\packages\framework-arduinorenesas-uno\variants\UNOWIFIR4\libs\libfsp.a(r_gpt.o)
 .text.r_gpt_call_callback
                0x00008ebc       0x3c C:\Users\Ivan Ivanov\.platformio\packages\framework-arduinorenesas-uno\variants\UNOWIFIR4\libs\libfsp.a(r_gpt.o)
 .text.gpt_calculate_duty_cycle.isra.0
                0x00008ef8       0x78 C:\Users\Ivan Ivanov\.platformio\packages\framework-arduinorenesas-uno\variants\UNOWIFIR4\libs\libfsp.a(r_gpt.o)
 .text.R_GPT_Open
                0x00008f70      0x264 C:\Users\Ivan Ivanov\.platformio\packages\framework-arduinorenesas-uno\variants\UNOWIFIR4\libs\libfsp.a(r_gpt.o)
                0x00008f70                R_GPT_Open
 .text.R_GPT_Close
                0x000091d4       0xd4 C:\Users\Ivan Ivanov\.platformio\packages\framework-arduinorenesas-uno\variants\UNOWIFIR4\libs\libfsp.a(r_gpt.o)
                0x000091d4                R_GPT_Close
 .text.gpt_counter_overflow_isr
                0x000092a8       0x78 C:\Users\Ivan Ivanov\.platformio\packages\framework-arduinorenesas-uno\variants\UNOWIFIR4\libs\libfsp.a(r_gpt.o)
                0x000092a8                gpt_counter_overflow_isr
 .text.R_DAC_Open
                0x00009320       0x88 C:\Users\Ivan Ivanov\.platformio\packages\framework-arduinorenesas-uno\variants\UNOWIFIR4\libs\libfsp.a(r_dac.o)
                0x00009320                R_DAC_Open
 .text.R_DAC_Write
                0x000093a8        0xc C:\Users\Ivan Ivanov\.platformio\packages\framework-arduinorenesas-uno\variants\UNOWIFIR4\libs\libfsp.a(r_dac.o)
                0x000093a8                R_DAC_Write
 .text.R_DAC_Start
                0x000093b4       0x30 C:\Users\Ivan Ivanov\.platformio\packages\framework-arduinorenesas-uno\variants\UNOWIFIR4\libs\libfsp.a(r_dac.o)
                0x000093b4                R_DAC_Start
 .text.R_DAC_Stop
                0x000093e4       0x34 C:\Users\Ivan Ivanov\.platformio\packages\framework-arduinorenesas-uno\variants\UNOWIFIR4\libs\libfsp.a(r_dac.o)
                0x000093e4                R_DAC_Stop
 .text.R_DAC_Close
                0x00009418       0x40 C:\Users\Ivan Ivanov\.platformio\packages\framework-arduinorenesas-uno\variants\UNOWIFIR4\libs\libfsp.a(r_dac.o)
                0x00009418                R_DAC_Close
 .text.r_can_call_callback
                0x00009458       0x68 C:\Users\Ivan Ivanov\.platformio\packages\framework-arduinorenesas-uno\variants\UNOWIFIR4\libs\libfsp.a(r_can.o)
 .text.can_error_isr
                0x000094c0       0xd4 C:\Users\Ivan Ivanov\.platformio\packages\framework-arduinorenesas-uno\variants\UNOWIFIR4\libs\libfsp.a(r_can.o)
                0x000094c0                can_error_isr
 .text.can_rx_isr
                0x00009594      0x118 C:\Users\Ivan Ivanov\.platformio\packages\framework-arduinorenesas-uno\variants\UNOWIFIR4\libs\libfsp.a(r_can.o)
                0x00009594                can_rx_isr
 .text.can_tx_isr
                0x000096ac       0xa0 C:\Users\Ivan Ivanov\.platformio\packages\framework-arduinorenesas-uno\variants\UNOWIFIR4\libs\libfsp.a(r_can.o)
                0x000096ac                can_tx_isr
 .text.R_AGT_Start
                0x0000974c       0x38 C:\Users\Ivan Ivanov\.platformio\packages\framework-arduinorenesas-uno\variants\UNOWIFIR4\libs\libfsp.a(r_agt.o)
                0x0000974c                R_AGT_Start
 .text.R_AGT_Enable
                0x00009784       0x14 C:\Users\Ivan Ivanov\.platformio\packages\framework-arduinorenesas-uno\variants\UNOWIFIR4\libs\libfsp.a(r_agt.o)
                0x00009784                R_AGT_Enable
 .text.R_AGT_Close
                0x00009798       0x84 C:\Users\Ivan Ivanov\.platformio\packages\framework-arduinorenesas-uno\variants\UNOWIFIR4\libs\libfsp.a(r_agt.o)
                0x00009798                R_AGT_Close
 .text.R_AGT_Open
                0x0000981c      0x118 C:\Users\Ivan Ivanov\.platformio\packages\framework-arduinorenesas-uno\variants\UNOWIFIR4\libs\libfsp.a(r_agt.o)
                0x0000981c                R_AGT_Open
 .text.agt_int_isr
                0x00009934       0x88 C:\Users\Ivan Ivanov\.platformio\packages\framework-arduinorenesas-uno\variants\UNOWIFIR4\libs\libfsp.a(r_agt.o)
                0x00009934                agt_int_isr
 .text.R_ADC_ScanStart
                0x000099bc        0xc C:\Users\Ivan Ivanov\.platformio\packages\framework-arduinorenesas-uno\variants\UNOWIFIR4\libs\libfsp.a(r_adc.o)
                0x000099bc                R_ADC_ScanStart
 .text.R_ADC_StatusGet
                0x000099c8       0x10 C:\Users\Ivan Ivanov\.platformio\packages\framework-arduinorenesas-uno\variants\UNOWIFIR4\libs\libfsp.a(r_adc.o)
                0x000099c8                R_ADC_StatusGet
 .text.R_ADC_Read
                0x000099d8       0x10 C:\Users\Ivan Ivanov\.platformio\packages\framework-arduinorenesas-uno\variants\UNOWIFIR4\libs\libfsp.a(r_adc.o)
                0x000099d8                R_ADC_Read
 .text.R_ADC_ScanCfg
                0x000099e8      0x1a0 C:\Users\Ivan Ivanov\.platformio\packages\framework-arduinorenesas-uno\variants\UNOWIFIR4\libs\libfsp.a(r_adc.o)
                0x000099e8                R_ADC_ScanCfg
 .text.R_ADC_Open
                0x00009b88      0x240 C:\Users\Ivan Ivanov\.platformio\packages\framework-arduinorenesas-uno\variants\UNOWIFIR4\libs\libfsp.a(r_adc.o)
                0x00009b88                R_ADC_Open
 .text.R_ADC_Close
                0x00009dc8       0xfc C:\Users\Ivan Ivanov\.platformio\packages\framework-arduinorenesas-uno\variants\UNOWIFIR4\libs\libfsp.a(r_adc.o)
                0x00009dc8                R_ADC_Close
 .text.bsp_prv_software_delay_loop
                0x00009ec4        0xc C:\Users\Ivan Ivanov\.platformio\packages\framework-arduinorenesas-uno\variants\UNOWIFIR4\libs\libfsp.a(bsp_delay.o)
                0x00009ec4                bsp_prv_software_delay_loop
 .text.R_BSP_SoftwareDelay
                0x00009ed0       0x5c C:\Users\Ivan Ivanov\.platformio\packages\framework-arduinorenesas-uno\variants\UNOWIFIR4\libs\libfsp.a(bsp_delay.o)
                0x00009ed0                R_BSP_SoftwareDelay
 .text.bsp_irq_cfg
                0x00009f2c       0x2c C:\Users\Ivan Ivanov\.platformio\packages\framework-arduinorenesas-uno\variants\UNOWIFIR4\libs\libfsp.a(bsp_irq.o)
                0x00009f2c                bsp_irq_cfg
 .text.R_BSP_RegisterProtectEnable
                0x00009f58       0x60 C:\Users\Ivan Ivanov\.platformio\packages\framework-arduinorenesas-uno\variants\UNOWIFIR4\libs\libfsp.a(bsp_register_protection.o)
                0x00009f58                R_BSP_RegisterProtectEnable
 .text.R_BSP_RegisterProtectDisable
                0x00009fb8       0x54 C:\Users\Ivan Ivanov\.platformio\packages\framework-arduinorenesas-uno\variants\UNOWIFIR4\libs\libfsp.a(bsp_register_protection.o)
                0x00009fb8                R_BSP_RegisterProtectDisable
 .text.Default_Handler
                0x0000a00c        0x4 C:\Users\Ivan Ivanov\.platformio\packages\framework-arduinorenesas-uno\variants\UNOWIFIR4\libs\libfsp.a(startup.o)
                0x0000a00c                DebugMon_Handler
                0x0000a00c                HardFault_Handler
                0x0000a00c                SysTick_Handler
                0x0000a00c                PendSV_Handler
                0x0000a00c                UsageFault_Handler
                0x0000a00c                SecureFault_Handler
                0x0000a00c                Default_Handler
                0x0000a00c                MemManage_Handler
                0x0000a00c                SVC_Handler
                0x0000a00c                BusFault_Handler
 .text.Reset_Handler
                0x0000a010        0xc C:\Users\Ivan Ivanov\.platformio\packages\framework-arduinorenesas-uno\variants\UNOWIFIR4\libs\libfsp.a(startup.o)
                0x0000a010                Reset_Handler
 .text.R_BSP_WarmStart
                0x0000a01c        0x4 C:\Users\Ivan Ivanov\.platformio\packages\framework-arduinorenesas-uno\variants\UNOWIFIR4\libs\libfsp.a(system.o)
                0x0000a01c                R_BSP_WarmStart
 .text.SystemInit
                0x0000a020      0x15c C:\Users\Ivan Ivanov\.platformio\packages\framework-arduinorenesas-uno\variants\UNOWIFIR4\libs\libfsp.a(system.o)
                0x0000a020                SystemInit
 .text.SystemCoreClockUpdate
                0x0000a17c       0x28 C:\Users\Ivan Ivanov\.platformio\packages\framework-arduinorenesas-uno\variants\UNOWIFIR4\libs\libfsp.a(bsp_clocks.o)
                0x0000a17c                SystemCoreClockUpdate
 .text.bsp_clock_init
                0x0000a1a4      0x12c C:\Users\Ivan Ivanov\.platformio\packages\framework-arduinorenesas-uno\variants\UNOWIFIR4\libs\libfsp.a(bsp_clocks.o)
                0x0000a1a4                bsp_clock_init
 .text.bsp_init_internal
                0x0000a2d0        0x4 C:\Users\Ivan Ivanov\.platformio\packages\framework-arduinorenesas-uno\variants\UNOWIFIR4\libs\libfsp.a(bsp_common.o)
                0x0000a2d0                bsp_init_internal
                0x0000a2d0                bsp_init
 .text.NMI_Handler
                0x0000a2d4       0x38 C:\Users\Ivan Ivanov\.platformio\packages\framework-arduinorenesas-uno\variants\UNOWIFIR4\libs\libfsp.a(bsp_group_irq.o)
                0x0000a2d4                NMI_Handler
 .text._Znwj    0x0000a30c       0x22 c:/users/ivan ivanov/.platformio/packages/toolchain-gccarmnoneeabi/bin/../lib/gcc/arm-none-eabi/7.2.1/../../../../arm-none-eabi/lib/thumb/v7e-m/fpv4-sp/hard\libstdc++_nano.a(new_op.o)
                0x0000a30c                operator new(unsigned int)
 .text.__cxa_guard_acquire
                0x0000a32e       0x18 c:/users/ivan ivanov/.platformio/packages/toolchain-gccarmnoneeabi/bin/../lib/gcc/arm-none-eabi/7.2.1/../../../../arm-none-eabi/lib/thumb/v7e-m/fpv4-sp/hard\libstdc++_nano.a(guard.o)
                0x0000a32e                __cxa_guard_acquire
 .text.__cxa_guard_release
                0x0000a346        0x6 c:/users/ivan ivanov/.platformio/packages/toolchain-gccarmnoneeabi/bin/../lib/gcc/arm-none-eabi/7.2.1/../../../../arm-none-eabi/lib/thumb/v7e-m/fpv4-sp/hard\libstdc++_nano.a(guard.o)
                0x0000a346                __cxa_guard_release
 .text._ZSt15get_new_handlerv
                0x0000a34c       0x10 c:/users/ivan ivanov/.platformio/packages/toolchain-gccarmnoneeabi/bin/../lib/gcc/arm-none-eabi/7.2.1/../../../../arm-none-eabi/lib/thumb/v7e-m/fpv4-sp/hard\libstdc++_nano.a(new_handler.o)
                0x0000a34c                std::get_new_handler()
 .text._ZdlPvj  0x0000a35c        0x4 c:/users/ivan ivanov/.platformio/packages/toolchain-gccarmnoneeabi/bin/../lib/gcc/arm-none-eabi/7.2.1/../../../../arm-none-eabi/lib/thumb/v7e-m/fpv4-sp/hard\libstdc++_nano.a(del_ops.o)
                0x0000a35c                operator delete(void*, unsigned int)
 .text._ZdlPv   0x0000a360        0x4 c:/users/ivan ivanov/.platformio/packages/toolchain-gccarmnoneeabi/bin/../lib/gcc/arm-none-eabi/7.2.1/../../../../arm-none-eabi/lib/thumb/v7e-m/fpv4-sp/hard\libstdc++_nano.a(del_op.o)
                0x0000a360                operator delete(void*)
 .text          0x0000a364      0x378 c:/users/ivan ivanov/.platformio/packages/toolchain-gccarmnoneeabi/bin/../lib/gcc/arm-none-eabi/7.2.1/thumb/v7e-m/fpv4-sp/hard\libgcc.a(_arm_addsubdf3.o)
                0x0000a364                __aeabi_drsub
                0x0000a36c                __aeabi_dsub
                0x0000a36c                __subdf3
                0x0000a370                __aeabi_dadd
                0x0000a370                __adddf3
                0x0000a5e8                __floatunsidf
                0x0000a5e8                __aeabi_ui2d
                0x0000a608                __floatsidf
                0x0000a608                __aeabi_i2d
                0x0000a62c                __aeabi_f2d
                0x0000a62c                __extendsfdf2
                0x0000a670                __floatundidf
                0x0000a670                __aeabi_ul2d
                0x0000a680                __floatdidf
                0x0000a680                __aeabi_l2d
 .text          0x0000a6dc      0x424 c:/users/ivan ivanov/.platformio/packages/toolchain-gccarmnoneeabi/bin/../lib/gcc/arm-none-eabi/7.2.1/thumb/v7e-m/fpv4-sp/hard\libgcc.a(_arm_muldivdf3.o)
                0x0000a6dc                __aeabi_dmul
                0x0000a6dc                __muldf3
                0x0000a930                __divdf3
                0x0000a930                __aeabi_ddiv
 .text          0x0000ab00      0x110 c:/users/ivan ivanov/.platformio/packages/toolchain-gccarmnoneeabi/bin/../lib/gcc/arm-none-eabi/7.2.1/thumb/v7e-m/fpv4-sp/hard\libgcc.a(_arm_cmpdf2.o)
                0x0000ab00                __gtdf2
                0x0000ab00                __gedf2
                0x0000ab08                __ltdf2
                0x0000ab08                __ledf2
                0x0000ab10                __nedf2
                0x0000ab10                __eqdf2
                0x0000ab10                __cmpdf2
                0x0000ab8c                __aeabi_cdrcmple
                0x0000ab9c                __aeabi_cdcmpeq
                0x0000ab9c                __aeabi_cdcmple
                0x0000abac                __aeabi_dcmpeq
                0x0000abc0                __aeabi_dcmplt
                0x0000abd4                __aeabi_dcmple
                0x0000abe8                __aeabi_dcmpge
                0x0000abfc                __aeabi_dcmpgt
 .text          0x0000ac10       0x2c c:/users/ivan ivanov/.platformio/packages/toolchain-gccarmnoneeabi/bin/../lib/gcc/arm-none-eabi/7.2.1/thumb/v7e-m/fpv4-sp/hard\libgcc.a(_arm_unorddf2.o)
                0x0000ac10                __unorddf2
                0x0000ac10                __aeabi_dcmpun
 .text          0x0000ac3c       0x40 c:/users/ivan ivanov/.platformio/packages/toolchain-gccarmnoneeabi/bin/../lib/gcc/arm-none-eabi/7.2.1/thumb/v7e-m/fpv4-sp/hard\libgcc.a(_arm_fixunsdfsi.o)
                0x0000ac3c                __aeabi_d2uiz
                0x0000ac3c                __fixunsdfsi
 .text          0x0000ac7c       0xa0 c:/users/ivan ivanov/.platformio/packages/toolchain-gccarmnoneeabi/bin/../lib/gcc/arm-none-eabi/7.2.1/thumb/v7e-m/fpv4-sp/hard\libgcc.a(_arm_truncdfsf2.o)
                0x0000ac7c                __truncdfsf2
                0x0000ac7c                __aeabi_d2f
 .text          0x0000ad1c       0xa0 c:/users/ivan ivanov/.platformio/packages/toolchain-gccarmnoneeabi/bin/../lib/gcc/arm-none-eabi/7.2.1/thumb/v7e-m/fpv4-sp/hard\libgcc.a(_aeabi_ldivmod.o)
                0x0000ad1c                __aeabi_ldivmod
 .text          0x0000adbc      0x2cc c:/users/ivan ivanov/.platformio/packages/toolchain-gccarmnoneeabi/bin/../lib/gcc/arm-none-eabi/7.2.1/thumb/v7e-m/fpv4-sp/hard\libgcc.a(_udivmoddi4.o)
                0x0000adbc                __udivmoddi4
 .text          0x0000b088        0x4 c:/users/ivan ivanov/.platformio/packages/toolchain-gccarmnoneeabi/bin/../lib/gcc/arm-none-eabi/7.2.1/thumb/v7e-m/fpv4-sp/hard\libgcc.a(_dvmd_tls.o)
                0x0000b088                __aeabi_idiv0
                0x0000b088                __aeabi_ldiv0
 .text.PINCOUNT_fn
                0x0000b08c        0x4 .pio\build\uno_r4_wifi\libFrameworkArduinoVariant.a(variant.cpp.o)
                0x0000b08c                PINCOUNT_fn
 .text._Z17__maybe_start_usbv
                0x0000b090        0x2 .pio\build\uno_r4_wifi\libFrameworkArduinoVariant.a(variant.cpp.o)
                0x0000b090                __maybe_start_usb()
 *fill*         0x0000b092        0x2 ff
 .text.initVariant
                0x0000b094       0x9c .pio\build\uno_r4_wifi\libFrameworkArduinoVariant.a(variant.cpp.o)
                0x0000b094                initVariant
 .text.abort    0x0000b130        0xe c:/users/ivan ivanov/.platformio/packages/toolchain-gccarmnoneeabi/bin/../lib/gcc/arm-none-eabi/7.2.1/../../../../arm-none-eabi/lib/thumb/v7e-m/fpv4-sp/hard\libc_nano.a(lib_a-abort.o)
                0x0000b130                abort
 *fill*         0x0000b13e        0x2 ff
 .text.malloc   0x0000b140       0x10 c:/users/ivan ivanov/.platformio/packages/toolchain-gccarmnoneeabi/bin/../lib/gcc/arm-none-eabi/7.2.1/../../../../arm-none-eabi/lib/thumb/v7e-m/fpv4-sp/hard\libc_nano.a(lib_a-malloc.o)
                0x0000b140                malloc
 .text.free     0x0000b150       0x10 c:/users/ivan ivanov/.platformio/packages/toolchain-gccarmnoneeabi/bin/../lib/gcc/arm-none-eabi/7.2.1/../../../../arm-none-eabi/lib/thumb/v7e-m/fpv4-sp/hard\libc_nano.a(lib_a-malloc.o)
                0x0000b150                free
 .text.memcpy   0x0000b160       0x16 c:/users/ivan ivanov/.platformio/packages/toolchain-gccarmnoneeabi/bin/../lib/gcc/arm-none-eabi/7.2.1/../../../../arm-none-eabi/lib/thumb/v7e-m/fpv4-sp/hard\libc_nano.a(lib_a-memcpy-stub.o)
                0x0000b160                memcpy
 .text.memset   0x0000b176       0x10 c:/users/ivan ivanov/.platformio/packages/toolchain-gccarmnoneeabi/bin/../lib/gcc/arm-none-eabi/7.2.1/../../../../arm-none-eabi/lib/thumb/v7e-m/fpv4-sp/hard\libc_nano.a(lib_a-memset.o)
                0x0000b176                memset
 *fill*         0x0000b186        0x2 ff
 .text._free_r  0x0000b188       0x9c c:/users/ivan ivanov/.platformio/packages/toolchain-gccarmnoneeabi/bin/../lib/gcc/arm-none-eabi/7.2.1/../../../../arm-none-eabi/lib/thumb/v7e-m/fpv4-sp/hard\libc_nano.a(lib_a-nano-freer.o)
                0x0000b188                _free_r
 .text._malloc_r
                0x0000b224       0xb4 c:/users/ivan ivanov/.platformio/packages/toolchain-gccarmnoneeabi/bin/../lib/gcc/arm-none-eabi/7.2.1/../../../../arm-none-eabi/lib/thumb/v7e-m/fpv4-sp/hard\libc_nano.a(lib_a-nano-mallocr.o)
                0x0000b224                _malloc_r
 .text.printf   0x0000b2d8       0x30 c:/users/ivan ivanov/.platformio/packages/toolchain-gccarmnoneeabi/bin/../lib/gcc/arm-none-eabi/7.2.1/../../../../arm-none-eabi/lib/thumb/v7e-m/fpv4-sp/hard\libc_nano.a(lib_a-printf.o)
                0x0000b2d8                iprintf
                0x0000b2d8                printf
 .text._sbrk_r  0x0000b308       0x20 c:/users/ivan ivanov/.platformio/packages/toolchain-gccarmnoneeabi/bin/../lib/gcc/arm-none-eabi/7.2.1/../../../../arm-none-eabi/lib/thumb/v7e-m/fpv4-sp/hard\libc_nano.a(lib_a-sbrkr.o)
                0x0000b308                _sbrk_r
 .text._raise_r
                0x0000b328       0x50 c:/users/ivan ivanov/.platformio/packages/toolchain-gccarmnoneeabi/bin/../lib/gcc/arm-none-eabi/7.2.1/../../../../arm-none-eabi/lib/thumb/v7e-m/fpv4-sp/hard\libc_nano.a(lib_a-signal.o)
                0x0000b328                _raise_r
 .text.raise    0x0000b378       0x10 c:/users/ivan ivanov/.platformio/packages/toolchain-gccarmnoneeabi/bin/../lib/gcc/arm-none-eabi/7.2.1/../../../../arm-none-eabi/lib/thumb/v7e-m/fpv4-sp/hard\libc_nano.a(lib_a-signal.o)
                0x0000b378                raise
 .text._kill_r  0x0000b388       0x24 c:/users/ivan ivanov/.platformio/packages/toolchain-gccarmnoneeabi/bin/../lib/gcc/arm-none-eabi/7.2.1/../../../../arm-none-eabi/lib/thumb/v7e-m/fpv4-sp/hard\libc_nano.a(lib_a-signalr.o)
                0x0000b388                _kill_r
 .text._getpid_r
                0x0000b3ac        0x4 c:/users/ivan ivanov/.platformio/packages/toolchain-gccarmnoneeabi/bin/../lib/gcc/arm-none-eabi/7.2.1/../../../../arm-none-eabi/lib/thumb/v7e-m/fpv4-sp/hard\libc_nano.a(lib_a-signalr.o)
                0x0000b3ac                _getpid_r
 .text.sprintf  0x0000b3b0       0x40 c:/users/ivan ivanov/.platformio/packages/toolchain-gccarmnoneeabi/bin/../lib/gcc/arm-none-eabi/7.2.1/../../../../arm-none-eabi/lib/thumb/v7e-m/fpv4-sp/hard\libc_nano.a(lib_a-sprintf.o)
                0x0000b3b0                siprintf
                0x0000b3b0                sprintf
 .text          0x0000b3f0       0x10 c:/users/ivan ivanov/.platformio/packages/toolchain-gccarmnoneeabi/bin/../lib/gcc/arm-none-eabi/7.2.1/../../../../arm-none-eabi/lib/thumb/v7e-m/fpv4-sp/hard\libc_nano.a(lib_a-strlen.o)
                0x0000b3f0                strlen
 .text.std      0x0000b400       0x48 c:/users/ivan ivanov/.platformio/packages/toolchain-gccarmnoneeabi/bin/../lib/gcc/arm-none-eabi/7.2.1/../../../../arm-none-eabi/lib/thumb/v7e-m/fpv4-sp/hard\libc_nano.a(lib_a-findfp.o)
 .text._cleanup_r
                0x0000b448        0xc c:/users/ivan ivanov/.platformio/packages/toolchain-gccarmnoneeabi/bin/../lib/gcc/arm-none-eabi/7.2.1/../../../../arm-none-eabi/lib/thumb/v7e-m/fpv4-sp/hard\libc_nano.a(lib_a-findfp.o)
                0x0000b448                _cleanup_r
 .text.__sfmoreglue
                0x0000b454       0x2c c:/users/ivan ivanov/.platformio/packages/toolchain-gccarmnoneeabi/bin/../lib/gcc/arm-none-eabi/7.2.1/../../../../arm-none-eabi/lib/thumb/v7e-m/fpv4-sp/hard\libc_nano.a(lib_a-findfp.o)
                0x0000b454                __sfmoreglue
 .text.__sinit  0x0000b480       0x60 c:/users/ivan ivanov/.platformio/packages/toolchain-gccarmnoneeabi/bin/../lib/gcc/arm-none-eabi/7.2.1/../../../../arm-none-eabi/lib/thumb/v7e-m/fpv4-sp/hard\libc_nano.a(lib_a-findfp.o)
                0x0000b480                __sinit
 .text.__sfp    0x0000b4e0       0x78 c:/users/ivan ivanov/.platformio/packages/toolchain-gccarmnoneeabi/bin/../lib/gcc/arm-none-eabi/7.2.1/../../../../arm-none-eabi/lib/thumb/v7e-m/fpv4-sp/hard\libc_nano.a(lib_a-findfp.o)
                0x0000b4e0                __sfp
 .text._fwalk_reent
                0x0000b558       0x3c c:/users/ivan ivanov/.platformio/packages/toolchain-gccarmnoneeabi/bin/../lib/gcc/arm-none-eabi/7.2.1/../../../../arm-none-eabi/lib/thumb/v7e-m/fpv4-sp/hard\libc_nano.a(lib_a-fwalk.o)
                0x0000b558                _fwalk_reent
 .text.__malloc_lock
                0x0000b594        0x2 c:/users/ivan ivanov/.platformio/packages/toolchain-gccarmnoneeabi/bin/../lib/gcc/arm-none-eabi/7.2.1/../../../../arm-none-eabi/lib/thumb/v7e-m/fpv4-sp/hard\libc_nano.a(lib_a-mlock.o)
                0x0000b594                __malloc_lock
 .text.__malloc_unlock
                0x0000b596        0x2 c:/users/ivan ivanov/.platformio/packages/toolchain-gccarmnoneeabi/bin/../lib/gcc/arm-none-eabi/7.2.1/../../../../arm-none-eabi/lib/thumb/v7e-m/fpv4-sp/hard\libc_nano.a(lib_a-mlock.o)
                0x0000b596                __malloc_unlock
 .text.__ssputs_r
                0x0000b598       0xb4 c:/users/ivan ivanov/.platformio/packages/toolchain-gccarmnoneeabi/bin/../lib/gcc/arm-none-eabi/7.2.1/../../../../arm-none-eabi/lib/thumb/v7e-m/fpv4-sp/hard\libc_nano.a(lib_a-nano-svfprintf.o)
                0x0000b598                __ssputs_r
 .text._svfprintf_r
                0x0000b64c      0x1ec c:/users/ivan ivanov/.platformio/packages/toolchain-gccarmnoneeabi/bin/../lib/gcc/arm-none-eabi/7.2.1/../../../../arm-none-eabi/lib/thumb/v7e-m/fpv4-sp/hard\libc_nano.a(lib_a-nano-svfprintf.o)
                0x0000b64c                _svfiprintf_r
                0x0000b64c                _svfprintf_r
 .text.__sfputc_r
                0x0000b838       0x2e c:/users/ivan ivanov/.platformio/packages/toolchain-gccarmnoneeabi/bin/../lib/gcc/arm-none-eabi/7.2.1/../../../../arm-none-eabi/lib/thumb/v7e-m/fpv4-sp/hard\libc_nano.a(lib_a-nano-vfprintf.o)
 .text.__sfputs_r
                0x0000b866       0x24 c:/users/ivan ivanov/.platformio/packages/toolchain-gccarmnoneeabi/bin/../lib/gcc/arm-none-eabi/7.2.1/../../../../arm-none-eabi/lib/thumb/v7e-m/fpv4-sp/hard\libc_nano.a(lib_a-nano-vfprintf.o)
                0x0000b866                __sfputs_r
 *fill*         0x0000b88a        0x2 ff
 .text._vfprintf_r
                0x0000b88c      0x228 c:/users/ivan ivanov/.platformio/packages/toolchain-gccarmnoneeabi/bin/../lib/gcc/arm-none-eabi/7.2.1/../../../../arm-none-eabi/lib/thumb/v7e-m/fpv4-sp/hard\libc_nano.a(lib_a-nano-vfprintf.o)
                0x0000b88c                _vfprintf_r
                0x0000b88c                _vfiprintf_r
 .text._printf_common
                0x0000bab4       0xea c:/users/ivan ivanov/.platformio/packages/toolchain-gccarmnoneeabi/bin/../lib/gcc/arm-none-eabi/7.2.1/../../../../arm-none-eabi/lib/thumb/v7e-m/fpv4-sp/hard\libc_nano.a(lib_a-nano-vfprintf_i.o)
                0x0000bab4                _printf_common
 *fill*         0x0000bb9e        0x2 ff
 .text._printf_i
                0x0000bba0      0x224 c:/users/ivan ivanov/.platformio/packages/toolchain-gccarmnoneeabi/bin/../lib/gcc/arm-none-eabi/7.2.1/../../../../arm-none-eabi/lib/thumb/v7e-m/fpv4-sp/hard\libc_nano.a(lib_a-nano-vfprintf_i.o)
                0x0000bba0                _printf_i
 .text.__sread  0x0000bdc4       0x22 c:/users/ivan ivanov/.platformio/packages/toolchain-gccarmnoneeabi/bin/../lib/gcc/arm-none-eabi/7.2.1/../../../../arm-none-eabi/lib/thumb/v7e-m/fpv4-sp/hard\libc_nano.a(lib_a-stdio.o)
                0x0000bdc4                __sread
 .text.__swrite
                0x0000bde6       0x38 c:/users/ivan ivanov/.platformio/packages/toolchain-gccarmnoneeabi/bin/../lib/gcc/arm-none-eabi/7.2.1/../../../../arm-none-eabi/lib/thumb/v7e-m/fpv4-sp/hard\libc_nano.a(lib_a-stdio.o)
                0x0000bde6                __swrite
 .text.__sseek  0x0000be1e       0x24 c:/users/ivan ivanov/.platformio/packages/toolchain-gccarmnoneeabi/bin/../lib/gcc/arm-none-eabi/7.2.1/../../../../arm-none-eabi/lib/thumb/v7e-m/fpv4-sp/hard\libc_nano.a(lib_a-stdio.o)
                0x0000be1e                __sseek
 .text.__sclose
                0x0000be42        0x8 c:/users/ivan ivanov/.platformio/packages/toolchain-gccarmnoneeabi/bin/../lib/gcc/arm-none-eabi/7.2.1/../../../../arm-none-eabi/lib/thumb/v7e-m/fpv4-sp/hard\libc_nano.a(lib_a-stdio.o)
                0x0000be42                __sclose
 *fill*         0x0000be4a        0x2 ff
 .text.__swbuf_r
                0x0000be4c       0xa4 c:/users/ivan ivanov/.platformio/packages/toolchain-gccarmnoneeabi/bin/../lib/gcc/arm-none-eabi/7.2.1/../../../../arm-none-eabi/lib/thumb/v7e-m/fpv4-sp/hard\libc_nano.a(lib_a-wbuf.o)
                0x0000be4c                __swbuf_r
 .text._write_r
                0x0000bef0       0x24 c:/users/ivan ivanov/.platformio/packages/toolchain-gccarmnoneeabi/bin/../lib/gcc/arm-none-eabi/7.2.1/../../../../arm-none-eabi/lib/thumb/v7e-m/fpv4-sp/hard\libc_nano.a(lib_a-writer.o)
                0x0000bef0                _write_r
 .text.__swsetup_r
                0x0000bf14       0xdc c:/users/ivan ivanov/.platformio/packages/toolchain-gccarmnoneeabi/bin/../lib/gcc/arm-none-eabi/7.2.1/../../../../arm-none-eabi/lib/thumb/v7e-m/fpv4-sp/hard\libc_nano.a(lib_a-wsetup.o)
                0x0000bf14                __swsetup_r
 .text._close_r
                0x0000bff0       0x20 c:/users/ivan ivanov/.platformio/packages/toolchain-gccarmnoneeabi/bin/../lib/gcc/arm-none-eabi/7.2.1/../../../../arm-none-eabi/lib/thumb/v7e-m/fpv4-sp/hard\libc_nano.a(lib_a-closer.o)
                0x0000bff0                _close_r
 .text.__sflush_r
                0x0000c010      0x10c c:/users/ivan ivanov/.platformio/packages/toolchain-gccarmnoneeabi/bin/../lib/gcc/arm-none-eabi/7.2.1/../../../../arm-none-eabi/lib/thumb/v7e-m/fpv4-sp/hard\libc_nano.a(lib_a-fflush.o)
                0x0000c010                __sflush_r
 .text._fflush_r
                0x0000c11c       0x54 c:/users/ivan ivanov/.platformio/packages/toolchain-gccarmnoneeabi/bin/../lib/gcc/arm-none-eabi/7.2.1/../../../../arm-none-eabi/lib/thumb/v7e-m/fpv4-sp/hard\libc_nano.a(lib_a-fflush.o)
                0x0000c11c                _fflush_r
 .text._lseek_r
                0x0000c170       0x24 c:/users/ivan ivanov/.platformio/packages/toolchain-gccarmnoneeabi/bin/../lib/gcc/arm-none-eabi/7.2.1/../../../../arm-none-eabi/lib/thumb/v7e-m/fpv4-sp/hard\libc_nano.a(lib_a-lseekr.o)
                0x0000c170                _lseek_r
 .text.__swhatbuf_r
                0x0000c194       0x48 c:/users/ivan ivanov/.platformio/packages/toolchain-gccarmnoneeabi/bin/../lib/gcc/arm-none-eabi/7.2.1/../../../../arm-none-eabi/lib/thumb/v7e-m/fpv4-sp/hard\libc_nano.a(lib_a-makebuf.o)
                0x0000c194                __swhatbuf_r
 .text.__smakebuf_r
                0x0000c1dc       0x80 c:/users/ivan ivanov/.platformio/packages/toolchain-gccarmnoneeabi/bin/../lib/gcc/arm-none-eabi/7.2.1/../../../../arm-none-eabi/lib/thumb/v7e-m/fpv4-sp/hard\libc_nano.a(lib_a-makebuf.o)
                0x0000c1dc                __smakebuf_r
 *fill*         0x0000c25c        0x4 ff
 .text          0x0000c260       0xa0 c:/users/ivan ivanov/.platformio/packages/toolchain-gccarmnoneeabi/bin/../lib/gcc/arm-none-eabi/7.2.1/../../../../arm-none-eabi/lib/thumb/v7e-m/fpv4-sp/hard\libc_nano.a(lib_a-memchr.o)
                0x0000c260                memchr
 .text.memmove  0x0000c300       0x32 c:/users/ivan ivanov/.platformio/packages/toolchain-gccarmnoneeabi/bin/../lib/gcc/arm-none-eabi/7.2.1/../../../../arm-none-eabi/lib/thumb/v7e-m/fpv4-sp/hard\libc_nano.a(lib_a-memmove.o)
                0x0000c300                memmove
 .text._realloc_r
                0x0000c332       0x4c c:/users/ivan ivanov/.platformio/packages/toolchain-gccarmnoneeabi/bin/../lib/gcc/arm-none-eabi/7.2.1/../../../../arm-none-eabi/lib/thumb/v7e-m/fpv4-sp/hard\libc_nano.a(lib_a-nano-reallocr.o)
                0x0000c332                _realloc_r
 *fill*         0x0000c37e        0x2 ff
 .text._read_r  0x0000c380       0x24 c:/users/ivan ivanov/.platformio/packages/toolchain-gccarmnoneeabi/bin/../lib/gcc/arm-none-eabi/7.2.1/../../../../arm-none-eabi/lib/thumb/v7e-m/fpv4-sp/hard\libc_nano.a(lib_a-readr.o)
                0x0000c380                _read_r
 .text._fstat_r
                0x0000c3a4       0x24 c:/users/ivan ivanov/.platformio/packages/toolchain-gccarmnoneeabi/bin/../lib/gcc/arm-none-eabi/7.2.1/../../../../arm-none-eabi/lib/thumb/v7e-m/fpv4-sp/hard\libc_nano.a(lib_a-fstatr.o)
                0x0000c3a4                _fstat_r
 .text._isatty_r
                0x0000c3c8       0x20 c:/users/ivan ivanov/.platformio/packages/toolchain-gccarmnoneeabi/bin/../lib/gcc/arm-none-eabi/7.2.1/../../../../arm-none-eabi/lib/thumb/v7e-m/fpv4-sp/hard\libc_nano.a(lib_a-isattyr.o)
                0x0000c3c8                _isatty_r
 .text._malloc_usable_size_r
                0x0000c3e8       0x10 c:/users/ivan ivanov/.platformio/packages/toolchain-gccarmnoneeabi/bin/../lib/gcc/arm-none-eabi/7.2.1/../../../../arm-none-eabi/lib/thumb/v7e-m/fpv4-sp/hard\libc_nano.a(lib_a-nano-msizer.o)
                0x0000c3e8                _malloc_usable_size_r
 .text._close   0x0000c3f8       0x10 c:/users/ivan ivanov/.platformio/packages/toolchain-gccarmnoneeabi/bin/../lib/gcc/arm-none-eabi/7.2.1/../../../../arm-none-eabi/lib/thumb/v7e-m/fpv4-sp/hard\libnosys.a(close.o)
                0x0000c3f8                _close
 .text._fstat   0x0000c408       0x10 c:/users/ivan ivanov/.platformio/packages/toolchain-gccarmnoneeabi/bin/../lib/gcc/arm-none-eabi/7.2.1/../../../../arm-none-eabi/lib/thumb/v7e-m/fpv4-sp/hard\libnosys.a(fstat.o)
                0x0000c408                _fstat
 .text._getpid  0x0000c418       0x10 c:/users/ivan ivanov/.platformio/packages/toolchain-gccarmnoneeabi/bin/../lib/gcc/arm-none-eabi/7.2.1/../../../../arm-none-eabi/lib/thumb/v7e-m/fpv4-sp/hard\libnosys.a(getpid.o)
                0x0000c418                _getpid
 .text._isatty  0x0000c428       0x10 c:/users/ivan ivanov/.platformio/packages/toolchain-gccarmnoneeabi/bin/../lib/gcc/arm-none-eabi/7.2.1/../../../../arm-none-eabi/lib/thumb/v7e-m/fpv4-sp/hard\libnosys.a(isatty.o)
                0x0000c428                _isatty
 .text._kill    0x0000c438       0x10 c:/users/ivan ivanov/.platformio/packages/toolchain-gccarmnoneeabi/bin/../lib/gcc/arm-none-eabi/7.2.1/../../../../arm-none-eabi/lib/thumb/v7e-m/fpv4-sp/hard\libnosys.a(kill.o)
                0x0000c438                _kill
 .text._lseek   0x0000c448       0x10 c:/users/ivan ivanov/.platformio/packages/toolchain-gccarmnoneeabi/bin/../lib/gcc/arm-none-eabi/7.2.1/../../../../arm-none-eabi/lib/thumb/v7e-m/fpv4-sp/hard\libnosys.a(lseek.o)
                0x0000c448                _lseek
 .text._read    0x0000c458       0x10 c:/users/ivan ivanov/.platformio/packages/toolchain-gccarmnoneeabi/bin/../lib/gcc/arm-none-eabi/7.2.1/../../../../arm-none-eabi/lib/thumb/v7e-m/fpv4-sp/hard\libnosys.a(read.o)
                0x0000c458                _read
 .text._sbrk    0x0000c468       0x1c c:/users/ivan ivanov/.platformio/packages/toolchain-gccarmnoneeabi/bin/../lib/gcc/arm-none-eabi/7.2.1/../../../../arm-none-eabi/lib/thumb/v7e-m/fpv4-sp/hard\libnosys.a(sbrk.o)
                0x0000c468                _sbrk
 .text._exit    0x0000c484        0x4 c:/users/ivan ivanov/.platformio/packages/toolchain-gccarmnoneeabi/bin/../lib/gcc/arm-none-eabi/7.2.1/../../../../arm-none-eabi/lib/thumb/v7e-m/fpv4-sp/hard\libnosys.a(_exit.o)
                0x0000c484                _exit
 *(.version)
 .version       0x0000c488       0x50 C:\Users\Ivan Ivanov\.platformio\packages\framework-arduinorenesas-uno\variants\UNOWIFIR4\libs\libfsp.a(bsp_common.o)
 *(.init)
 .init          0x0000c4d8        0x4 c:/users/ivan ivanov/.platformio/packages/toolchain-gccarmnoneeabi/bin/../lib/gcc/arm-none-eabi/7.2.1/thumb/v7e-m/fpv4-sp/hard/crti.o
                0x0000c4d8                _init
 .init          0x0000c4dc        0x8 c:/users/ivan ivanov/.platformio/packages/toolchain-gccarmnoneeabi/bin/../lib/gcc/arm-none-eabi/7.2.1/thumb/v7e-m/fpv4-sp/hard/crtn.o
 *(.fini)
 .fini          0x0000c4e4        0x4 c:/users/ivan ivanov/.platformio/packages/toolchain-gccarmnoneeabi/bin/../lib/gcc/arm-none-eabi/7.2.1/thumb/v7e-m/fpv4-sp/hard/crti.o
                0x0000c4e4                _fini
 .fini          0x0000c4e8        0x8 c:/users/ivan ivanov/.platformio/packages/toolchain-gccarmnoneeabi/bin/../lib/gcc/arm-none-eabi/7.2.1/thumb/v7e-m/fpv4-sp/hard/crtn.o
 *crtbegin.o(.ctors)
 *crtbegin?.o(.ctors)
 *(EXCLUDE_FILE(*crtend.o *crtend?.o) .ctors)
 *(SORT_BY_NAME(.ctors.*))
 *(.ctors)
 *crtbegin.o(.dtors)
 *crtbegin?.o(.dtors)
 *(EXCLUDE_FILE(*crtend.o *crtend?.o) .dtors)
 *(SORT_BY_NAME(.dtors.*))
 *(.dtors)
 *(.rodata*)
 .rodata._Z9showValuev.str1.1
                0x0000c4f0       0x11 .pio\build\uno_r4_wifi\src\testC02.cpp.o
 .rodata.setup.str1.1
                0x0000c501        0xc .pio\build\uno_r4_wifi\src\testC02.cpp.o
 *fill*         0x0000c50d        0x3 ff
 .rodata._ZTV4UART
                0x0000c510       0x34 .pio\build\uno_r4_wifi\libFrameworkArduino.a(Serial.cpp.o)
                0x0000c510                vtable for UART
 .rodata._ZN7arduino5Print10printFloatEdi.str1.1
                0x0000c544        0xc .pio\build\uno_r4_wifi\libFrameworkArduino.a(Print.cpp.o)
                                  0xe (size before relaxing)
 .rodata._ZN7arduino5Print7printlnEv.str1.1
                0x0000c550        0x3 .pio\build\uno_r4_wifi\libFrameworkArduino.a(Print.cpp.o)
 .rodata        0x0000c553        0xd .pio\build\uno_r4_wifi\libFrameworkArduino.a(main.cpp.o)
 .rodata._Z12arduino_mainv.str1.1
                0x0000c560       0x10 .pio\build\uno_r4_wifi\libFrameworkArduino.a(main.cpp.o)
 .rodata.g_interrupt_event_link_select
                0x0000c570       0x20 .pio\build\uno_r4_wifi\libFrameworkArduino.a(vector_table.c.o)
                0x0000c570                g_interrupt_event_link_select
 .rodata.CSWTCH.44
                0x0000c590        0x6 .pio\build\uno_r4_wifi\libFrameworkArduino.a(analog.cpp.o)
 .rodata.CSWTCH.72
                0x0000c596        0x5 .pio\build\uno_r4_wifi\libFrameworkArduino.a(analog.cpp.o)
 .rodata.__FUNCTION__.6535
                0x0000c59b       0x13 .pio\build\uno_r4_wifi\libFrameworkArduino.a(cm_backtrace.c.o)
 .rodata.cm_backtrace_assert.str1.1
                0x0000c5ae       0x26 .pio\build\uno_r4_wifi\libFrameworkArduino.a(cm_backtrace.c.o)
                                 0x28 (size before relaxing)
 .rodata.cm_backtrace_fault.str1.1
                0x0000c5d4      0x6ae .pio\build\uno_r4_wifi\libFrameworkArduino.a(cm_backtrace.c.o)
 .rodata.cm_backtrace_firmware_info.str1.1
                0x0000cc82       0x23 .pio\build\uno_r4_wifi\libFrameworkArduino.a(cm_backtrace.c.o)
 .rodata.cm_backtrace_init.str1.1
                0x0000cca5       0x62 .pio\build\uno_r4_wifi\libFrameworkArduino.a(cm_backtrace.c.o)
 .rodata.dump_stack.str1.1
                0x0000cd07       0x65 .pio\build\uno_r4_wifi\libFrameworkArduino.a(cm_backtrace.c.o)
                                 0x8d (size before relaxing)
 .rodata.print_call_stack.str1.1
                0x0000cd6c       0x65 .pio\build\uno_r4_wifi\libFrameworkArduino.a(cm_backtrace.c.o)
 .rodata.str1.1
                0x0000cdd1       0x20 .pio\build\uno_r4_wifi\libFrameworkArduino.a(cm_backtrace.c.o)
 *fill*         0x0000cdf1        0x3 ff
 .rodata.g_async_baud
                0x0000cdf4        0xd C:\Users\Ivan Ivanov\.platformio\packages\framework-arduinorenesas-uno\variants\UNOWIFIR4\libs\libfsp.a(r_sci_uart.o)
 *fill*         0x0000ce01        0x3 ff
 .rodata.g_div_coefficient
                0x0000ce04       0x1a C:\Users\Ivan Ivanov\.platformio\packages\framework-arduinorenesas-uno\variants\UNOWIFIR4\libs\libfsp.a(r_sci_uart.o)
 *fill*         0x0000ce1e        0x2 ff
 .rodata.adc_elc_trigger_lut
                0x0000ce20        0xc C:\Users\Ivan Ivanov\.platformio\packages\framework-arduinorenesas-uno\variants\UNOWIFIR4\libs\libfsp.a(r_adc.o)
 .rodata.g_prcr_masks
                0x0000ce2c        0x8 C:\Users\Ivan Ivanov\.platformio\packages\framework-arduinorenesas-uno\variants\UNOWIFIR4\libs\libfsp.a(bsp_register_protection.o)
 .rodata._ZL4P000
                0x0000ce34        0x4 .pio\build\uno_r4_wifi\libFrameworkArduinoVariant.a(variant.cpp.o)
 .rodata._ZL4P001
                0x0000ce38        0x4 .pio\build\uno_r4_wifi\libFrameworkArduinoVariant.a(variant.cpp.o)
 .rodata._ZL4P002
                0x0000ce3c        0x4 .pio\build\uno_r4_wifi\libFrameworkArduinoVariant.a(variant.cpp.o)
 .rodata._ZL4P003
                0x0000ce40        0x2 .pio\build\uno_r4_wifi\libFrameworkArduinoVariant.a(variant.cpp.o)
 .rodata._ZL4P004
                0x0000ce42        0x4 .pio\build\uno_r4_wifi\libFrameworkArduinoVariant.a(variant.cpp.o)
 .rodata._ZL4P011
                0x0000ce46        0x4 .pio\build\uno_r4_wifi\libFrameworkArduinoVariant.a(variant.cpp.o)
 .rodata._ZL4P012
                0x0000ce4a        0x2 .pio\build\uno_r4_wifi\libFrameworkArduinoVariant.a(variant.cpp.o)
 .rodata._ZL4P013
                0x0000ce4c        0x2 .pio\build\uno_r4_wifi\libFrameworkArduinoVariant.a(variant.cpp.o)
 .rodata._ZL4P015
                0x0000ce4e        0x4 .pio\build\uno_r4_wifi\libFrameworkArduinoVariant.a(variant.cpp.o)
 .rodata._ZL4P100
                0x0000ce52        0xe .pio\build\uno_r4_wifi\libFrameworkArduinoVariant.a(variant.cpp.o)
 .rodata._ZL4P101
                0x0000ce60        0xe .pio\build\uno_r4_wifi\libFrameworkArduinoVariant.a(variant.cpp.o)
 .rodata._ZL4P102
                0x0000ce6e        0xc .pio\build\uno_r4_wifi\libFrameworkArduinoVariant.a(variant.cpp.o)
 .rodata._ZL4P103
                0x0000ce7a        0x8 .pio\build\uno_r4_wifi\libFrameworkArduinoVariant.a(variant.cpp.o)
 .rodata._ZL4P104
                0x0000ce82        0x6 .pio\build\uno_r4_wifi\libFrameworkArduinoVariant.a(variant.cpp.o)
 .rodata._ZL4P105
                0x0000ce88        0x4 .pio\build\uno_r4_wifi\libFrameworkArduinoVariant.a(variant.cpp.o)
 .rodata._ZL4P106
                0x0000ce8c        0x2 .pio\build\uno_r4_wifi\libFrameworkArduinoVariant.a(variant.cpp.o)
 .rodata._ZL4P107
                0x0000ce8e        0x2 .pio\build\uno_r4_wifi\libFrameworkArduinoVariant.a(variant.cpp.o)
 .rodata._ZL4P109
                0x0000ce90        0xa .pio\build\uno_r4_wifi\libFrameworkArduinoVariant.a(variant.cpp.o)
 .rodata._ZL4P110
                0x0000ce9a        0xc .pio\build\uno_r4_wifi\libFrameworkArduinoVariant.a(variant.cpp.o)
 .rodata._ZL4P111
                0x0000cea6        0xa .pio\build\uno_r4_wifi\libFrameworkArduinoVariant.a(variant.cpp.o)
 .rodata._ZL4P112
                0x0000ceb0        0x6 .pio\build\uno_r4_wifi\libFrameworkArduinoVariant.a(variant.cpp.o)
 .rodata._ZL4P204
                0x0000ceb6        0xa .pio\build\uno_r4_wifi\libFrameworkArduinoVariant.a(variant.cpp.o)
 .rodata._ZL4P205
                0x0000cec0        0xa .pio\build\uno_r4_wifi\libFrameworkArduinoVariant.a(variant.cpp.o)
 .rodata._ZL4P206
                0x0000ceca        0x6 .pio\build\uno_r4_wifi\libFrameworkArduinoVariant.a(variant.cpp.o)
 .rodata._ZL4P212
                0x0000ced0        0x6 .pio\build\uno_r4_wifi\libFrameworkArduinoVariant.a(variant.cpp.o)
 .rodata._ZL4P213
                0x0000ced6        0x6 .pio\build\uno_r4_wifi\libFrameworkArduinoVariant.a(variant.cpp.o)
 .rodata._ZL4P301
                0x0000cedc        0x8 .pio\build\uno_r4_wifi\libFrameworkArduinoVariant.a(variant.cpp.o)
 .rodata._ZL4P302
                0x0000cee4        0x6 .pio\build\uno_r4_wifi\libFrameworkArduinoVariant.a(variant.cpp.o)
 .rodata._ZL4P303
                0x0000ceea        0x2 .pio\build\uno_r4_wifi\libFrameworkArduinoVariant.a(variant.cpp.o)
 .rodata._ZL4P304
                0x0000ceec        0x4 .pio\build\uno_r4_wifi\libFrameworkArduinoVariant.a(variant.cpp.o)
 .rodata._ZL4P401
                0x0000cef0        0xa .pio\build\uno_r4_wifi\libFrameworkArduinoVariant.a(variant.cpp.o)
 .rodata._ZL4P410
                0x0000cefa        0x8 .pio\build\uno_r4_wifi\libFrameworkArduinoVariant.a(variant.cpp.o)
 .rodata._ZL4P411
                0x0000cf02        0x8 .pio\build\uno_r4_wifi\libFrameworkArduinoVariant.a(variant.cpp.o)
 .rodata._ZL4P500
                0x0000cf0a        0x4 .pio\build\uno_r4_wifi\libFrameworkArduinoVariant.a(variant.cpp.o)
 .rodata._ZL4P501
                0x0000cf0e        0x8 .pio\build\uno_r4_wifi\libFrameworkArduinoVariant.a(variant.cpp.o)
 .rodata._ZL4P502
                0x0000cf16        0x8 .pio\build\uno_r4_wifi\libFrameworkArduinoVariant.a(variant.cpp.o)
 .rodata._ZL6P014_b
                0x0000cf1e        0x4 .pio\build\uno_r4_wifi\libFrameworkArduinoVariant.a(variant.cpp.o)
 .rodata._ZL6P400_b
                0x0000cf22        0x8 .pio\build\uno_r4_wifi\libFrameworkArduinoVariant.a(variant.cpp.o)
 .rodata._ZL6P408_b
                0x0000cf2a        0x8 .pio\build\uno_r4_wifi\libFrameworkArduinoVariant.a(variant.cpp.o)
 *fill*         0x0000cf32        0x2 ff
 .rodata.g_pin_cfg
                0x0000cf34      0x138 .pio\build\uno_r4_wifi\libFrameworkArduinoVariant.a(variant.cpp.o)
                0x0000cf34                g_pin_cfg
 .rodata._global_impure_ptr
                0x0000d06c        0x4 c:/users/ivan ivanov/.platformio/packages/toolchain-gccarmnoneeabi/bin/../lib/gcc/arm-none-eabi/7.2.1/../../../../arm-none-eabi/lib/thumb/v7e-m/fpv4-sp/hard\libc_nano.a(lib_a-impure.o)
                0x0000d06c                _global_impure_ptr
 .rodata.__sf_fake_stderr
                0x0000d070       0x20 c:/users/ivan ivanov/.platformio/packages/toolchain-gccarmnoneeabi/bin/../lib/gcc/arm-none-eabi/7.2.1/../../../../arm-none-eabi/lib/thumb/v7e-m/fpv4-sp/hard\libc_nano.a(lib_a-findfp.o)
                0x0000d070                __sf_fake_stderr
 .rodata.__sf_fake_stdin
                0x0000d090       0x20 c:/users/ivan ivanov/.platformio/packages/toolchain-gccarmnoneeabi/bin/../lib/gcc/arm-none-eabi/7.2.1/../../../../arm-none-eabi/lib/thumb/v7e-m/fpv4-sp/hard\libc_nano.a(lib_a-findfp.o)
                0x0000d090                __sf_fake_stdin
 .rodata.__sf_fake_stdout
                0x0000d0b0       0x20 c:/users/ivan ivanov/.platformio/packages/toolchain-gccarmnoneeabi/bin/../lib/gcc/arm-none-eabi/7.2.1/../../../../arm-none-eabi/lib/thumb/v7e-m/fpv4-sp/hard\libc_nano.a(lib_a-findfp.o)
                0x0000d0b0                __sf_fake_stdout
 .rodata._svfprintf_r.str1.1
                0x0000d0d0       0x11 c:/users/ivan ivanov/.platformio/packages/toolchain-gccarmnoneeabi/bin/../lib/gcc/arm-none-eabi/7.2.1/../../../../arm-none-eabi/lib/thumb/v7e-m/fpv4-sp/hard\libc_nano.a(lib_a-nano-svfprintf.o)
 .rodata._vfprintf_r.str1.1
                0x0000d0e1       0x11 c:/users/ivan ivanov/.platformio/packages/toolchain-gccarmnoneeabi/bin/../lib/gcc/arm-none-eabi/7.2.1/../../../../arm-none-eabi/lib/thumb/v7e-m/fpv4-sp/hard\libc_nano.a(lib_a-nano-vfprintf.o)
 .rodata._printf_i.str1.1
                0x0000d0e1       0x22 c:/users/ivan ivanov/.platformio/packages/toolchain-gccarmnoneeabi/bin/../lib/gcc/arm-none-eabi/7.2.1/../../../../arm-none-eabi/lib/thumb/v7e-m/fpv4-sp/hard\libc_nano.a(lib_a-nano-vfprintf_i.o)
 *(.eh_frame*)
 *fill*         0x0000d103        0x1 ff
 .eh_frame      0x0000d104        0x0 c:/users/ivan ivanov/.platformio/packages/toolchain-gccarmnoneeabi/bin/../lib/gcc/arm-none-eabi/7.2.1/thumb/v7e-m/fpv4-sp/hard/crtbegin.o
 .eh_frame      0x0000d104        0x4 c:/users/ivan ivanov/.platformio/packages/toolchain-gccarmnoneeabi/bin/../lib/gcc/arm-none-eabi/7.2.1/thumb/v7e-m/fpv4-sp/hard/crtend.o
                0x0000d108                __ROM_End = .
                0x000000c0                __Vectors_Size = (__Vectors_End - __Vectors)

.glue_7         0x0000d108        0x0
 .glue_7        0x0000d108        0x0 linker stubs

.glue_7t        0x0000d108        0x0
 .glue_7t       0x0000d108        0x0 linker stubs

.vfp11_veneer   0x0000d108        0x0
 .vfp11_veneer  0x0000d108        0x0 linker stubs

.v4_bx          0x0000d108        0x0
 .v4_bx         0x0000d108        0x0 linker stubs

.iplt           0x0000d108        0x0
 .iplt          0x0000d108        0x0 c:/users/ivan ivanov/.platformio/packages/toolchain-gccarmnoneeabi/bin/../lib/gcc/arm-none-eabi/7.2.1/thumb/v7e-m/fpv4-sp/hard/crtbegin.o

.ARM.extab
 *(.ARM.extab* .gnu.linkonce.armextab.*)
                0x0000d108                __exidx_start = .

.ARM.exidx      0x0000d108        0x8
 *(.ARM.exidx* .gnu.linkonce.armexidx.*)
 .ARM.exidx     0x0000d108        0x8 c:/users/ivan ivanov/.platformio/packages/toolchain-gccarmnoneeabi/bin/../lib/gcc/arm-none-eabi/7.2.1/thumb/v7e-m/fpv4-sp/hard\libgcc.a(_udivmoddi4.o)
                0x0000d110                __exidx_end = .
                0x0000d110                __etext = .
                0x20000000                __tz_RAM_S = ORIGIN (RAM)

.rel.dyn        0x0000d110        0x0
 .rel.iplt      0x0000d110        0x0 c:/users/ivan ivanov/.platformio/packages/toolchain-gccarmnoneeabi/bin/../lib/gcc/arm-none-eabi/7.2.1/thumb/v7e-m/fpv4-sp/hard/crtbegin.o

.fsp_dtc_vector_table
                0x20000000        0x0
                0x20000000                . = ORIGIN (RAM)
 *(.fsp_dtc_vector_table)

.data           0x20000000       0x98 load address 0x0000d110
                0x20000000                __data_start__ = .
                0x20000000                . = ALIGN (0x4)
                0x20000000                __Code_In_RAM_Start = .
 *(.code_in_ram*)
                0x20000000                __Code_In_RAM_End = .
 *(vtable)
 *(.data.*)
 .data._ZL30_analogRequestedReadResolution
                0x20000000        0x4 .pio\build\uno_r4_wifi\libFrameworkArduino.a(analog.cpp.o)
 .data._impure_ptr
                0x20000004        0x4 c:/users/ivan ivanov/.platformio/packages/toolchain-gccarmnoneeabi/bin/../lib/gcc/arm-none-eabi/7.2.1/../../../../arm-none-eabi/lib/thumb/v7e-m/fpv4-sp/hard\libc_nano.a(lib_a-impure.o)
                0x20000004                _impure_ptr
 .data.impure_data
                0x20000008       0x60 c:/users/ivan ivanov/.platformio/packages/toolchain-gccarmnoneeabi/bin/../lib/gcc/arm-none-eabi/7.2.1/../../../../arm-none-eabi/lib/thumb/v7e-m/fpv4-sp/hard\libc_nano.a(lib_a-impure.o)
 *(.data)
                0x20000068                . = ALIGN (0x4)
                0x20000068                PROVIDE (__preinit_array_start, .)
 *(.preinit_array)
                0x20000068                PROVIDE (__preinit_array_end, .)
                0x20000068                . = ALIGN (0x4)
                0x20000068                PROVIDE (__init_array_start, .)
 *(SORT_BY_NAME(.init_array.*))
 *(.init_array)
 .init_array    0x20000068        0x4 c:/users/ivan ivanov/.platformio/packages/toolchain-gccarmnoneeabi/bin/../lib/gcc/arm-none-eabi/7.2.1/thumb/v7e-m/fpv4-sp/hard/crtbegin.o
 .init_array    0x2000006c        0x4 .pio\build\uno_r4_wifi\src\testC02.cpp.o
 .init_array    0x20000070        0x4 .pio\build\uno_r4_wifi\libFrameworkArduino.a(Interrupts.cpp.o)
 .init_array    0x20000074        0x4 .pio\build\uno_r4_wifi\libFrameworkArduino.a(SerialObj1.cpp.o)
 .init_array    0x20000078        0x4 .pio\build\uno_r4_wifi\libFrameworkArduino.a(time.cpp.o)
 .init_array    0x2000007c        0x4 .pio\build\uno_r4_wifi\libFrameworkArduino.a(analog.cpp.o)
 .init_array    0x20000080        0x4 .pio\build\uno_r4_wifi\libFrameworkArduino.a(dac.cpp.o)
                0x20000084                PROVIDE (__init_array_end, .)
                0x20000084                . = ALIGN (0x4)
                [!provide]                PROVIDE (__fini_array_start, .)
 *(SORT_BY_NAME(.fini_array.*))
 *(.fini_array)
 .fini_array    0x20000084        0x4 c:/users/ivan ivanov/.platformio/packages/toolchain-gccarmnoneeabi/bin/../lib/gcc/arm-none-eabi/7.2.1/thumb/v7e-m/fpv4-sp/hard/crtbegin.o
 .fini_array    0x20000088        0x4 .pio\build\uno_r4_wifi\src\testC02.cpp.o
 .fini_array    0x2000008c        0x4 .pio\build\uno_r4_wifi\libFrameworkArduino.a(Interrupts.cpp.o)
 .fini_array    0x20000090        0x4 .pio\build\uno_r4_wifi\libFrameworkArduino.a(time.cpp.o)
 .fini_array    0x20000094        0x4 .pio\build\uno_r4_wifi\libFrameworkArduino.a(analog.cpp.o)
                [!provide]                PROVIDE (__fini_array_end, .)
 *(.jcr*)
                0x20000098                . = ALIGN (0x4)
                0x20000098                __data_end__ = .

.igot.plt       0x20000098        0x0 load address 0x0000d1a8
 .igot.plt      0x20000098        0x0 c:/users/ivan ivanov/.platformio/packages/toolchain-gccarmnoneeabi/bin/../lib/gcc/arm-none-eabi/7.2.1/thumb/v7e-m/fpv4-sp/hard/crtbegin.o

.noinit         0x20000098       0x18 load address 0x0000d1a8
                0x20000098                . = ALIGN (0x4)
                0x20000098                __noinit_start = .
 *(.noinit*)